Component: ARM Compiler 5.06 update 1 (build 61) Tool: armlink [4d35a8]

==============================================================================

Section Cross References

    startup_stm32f103xb.o(STACK) refers (Special) to heapauxi.o(.text) for __use_two_region_memory
    startup_stm32f103xb.o(HEAP) refers (Special) to heapauxi.o(.text) for __use_two_region_memory
    startup_stm32f103xb.o(RESET) refers (Special) to heapauxi.o(.text) for __use_two_region_memory
    startup_stm32f103xb.o(RESET) refers to startup_stm32f103xb.o(STACK) for __initial_sp
    startup_stm32f103xb.o(RESET) refers to startup_stm32f103xb.o(.text) for Reset_Handler
    startup_stm32f103xb.o(RESET) refers to stm32f1xx_it.o(i.NMI_Handler) for NMI_Handler
    startup_stm32f103xb.o(RESET) refers to stm32f1xx_it.o(i.HardFault_Handler) for HardFault_Handler
    startup_stm32f103xb.o(RESET) refers to stm32f1xx_it.o(i.MemManage_Handler) for MemManage_Handler
    startup_stm32f103xb.o(RESET) refers to stm32f1xx_it.o(i.BusFault_Handler) for BusFault_Handler
    startup_stm32f103xb.o(RESET) refers to stm32f1xx_it.o(i.UsageFault_Handler) for UsageFault_Handler
    startup_stm32f103xb.o(RESET) refers to stm32f1xx_it.o(i.SVC_Handler) for SVC_Handler
    startup_stm32f103xb.o(RESET) refers to stm32f1xx_it.o(i.DebugMon_Handler) for DebugMon_Handler
    startup_stm32f103xb.o(RESET) refers to stm32f1xx_it.o(i.PendSV_Handler) for PendSV_Handler
    startup_stm32f103xb.o(RESET) refers to stm32f1xx_it.o(i.SysTick_Handler) for SysTick_Handler
    startup_stm32f103xb.o(RESET) refers to stm32f1xx_it.o(i.ADC1_2_IRQHandler) for ADC1_2_IRQHandler
    startup_stm32f103xb.o(RESET) refers to stm32f1xx_it.o(i.TIM2_IRQHandler) for TIM2_IRQHandler
    startup_stm32f103xb.o(RESET) refers to stm32f1xx_it.o(i.TIM3_IRQHandler) for TIM3_IRQHandler
    startup_stm32f103xb.o(RESET) refers to stm32f1xx_it.o(i.USART2_IRQHandler) for USART2_IRQHandler
    startup_stm32f103xb.o(RESET) refers to stm32f1xx_it.o(i.EXTI15_10_IRQHandler) for EXTI15_10_IRQHandler
    startup_stm32f103xb.o(.text) refers (Special) to heapauxi.o(.text) for __use_two_region_memory
    startup_stm32f103xb.o(.text) refers to system_stm32f1xx.o(i.SystemInit) for SystemInit
    startup_stm32f103xb.o(.text) refers to __main.o(!!!main) for __main
    startup_stm32f103xb.o(.text) refers to startup_stm32f103xb.o(HEAP) for Heap_Mem
    startup_stm32f103xb.o(.text) refers to startup_stm32f103xb.o(STACK) for Stack_Mem
    lcd_i2c.o(i.LCD_I2C_Clear) refers to lcd_i2c.o(i.LCD_I2C_Write_CMD) for LCD_I2C_Write_CMD
    lcd_i2c.o(i.LCD_I2C_Clear) refers to stm32f1xx_hal.o(i.HAL_Delay) for HAL_Delay
    lcd_i2c.o(i.LCD_I2C_Init) refers to lcd_i2c.o(i.LCD_I2C_Write_CMD) for LCD_I2C_Write_CMD
    lcd_i2c.o(i.LCD_I2C_Init) refers to stm32f1xx_hal.o(i.HAL_Delay) for HAL_Delay
    lcd_i2c.o(i.LCD_I2C_Set_Cursor) refers to lcd_i2c.o(i.LCD_I2C_Write_CMD) for LCD_I2C_Write_CMD
    lcd_i2c.o(i.LCD_I2C_WRITE_DATA) refers to stm32f1xx_hal_i2c.o(i.HAL_I2C_Master_Transmit) for HAL_I2C_Master_Transmit
    lcd_i2c.o(i.LCD_I2C_WRITE_DATA) refers to main.o(.bss) for hi2c1
    lcd_i2c.o(i.LCD_I2C_WRITE_NUMBER) refers to _printf_percent.o(.ARM.Collect$$_printf_percent$$00000000) for _printf_percent
    lcd_i2c.o(i.LCD_I2C_WRITE_NUMBER) refers to _printf_d.o(.ARM.Collect$$_printf_percent$$00000009) for _printf_d
    lcd_i2c.o(i.LCD_I2C_WRITE_NUMBER) refers to _printf_dec.o(.text) for _printf_int_dec
    lcd_i2c.o(i.LCD_I2C_WRITE_NUMBER) refers to noretval__2sprintf.o(.text) for __2sprintf
    lcd_i2c.o(i.LCD_I2C_WRITE_NUMBER) refers to lcd_i2c.o(i.LCD_I2C_Write_String) for LCD_I2C_Write_String
    lcd_i2c.o(i.LCD_I2C_WRITE_Num_f) refers to _printf_pad.o(.text) for _printf_pre_padding
    lcd_i2c.o(i.LCD_I2C_WRITE_Num_f) refers to _printf_percent.o(.ARM.Collect$$_printf_percent$$00000000) for _printf_percent
    lcd_i2c.o(i.LCD_I2C_WRITE_Num_f) refers to _printf_f.o(.ARM.Collect$$_printf_percent$$00000003) for _printf_f
    lcd_i2c.o(i.LCD_I2C_WRITE_Num_f) refers to printf1.o(x$fpl$printf1) for _printf_fp_dec
    lcd_i2c.o(i.LCD_I2C_WRITE_Num_f) refers to noretval__2sprintf.o(.text) for __2sprintf
    lcd_i2c.o(i.LCD_I2C_WRITE_Num_f) refers to lcd_i2c.o(i.LCD_I2C_Write_String) for LCD_I2C_Write_String
    lcd_i2c.o(i.LCD_I2C_Write_CMD) refers to stm32f1xx_hal_i2c.o(i.HAL_I2C_Master_Transmit) for HAL_I2C_Master_Transmit
    lcd_i2c.o(i.LCD_I2C_Write_CMD) refers to main.o(.bss) for hi2c1
    lcd_i2c.o(i.LCD_I2C_Write_String) refers to lcd_i2c.o(i.LCD_I2C_WRITE_DATA) for LCD_I2C_WRITE_DATA
    lcd_i2c.o(i.LCD_I2C_Write_String) refers to strlen.o(.text) for strlen
    temp.o(i.temp_convert) refers to dflt_clz.o(x$fpl$dfltu) for __aeabi_ui2d
    temp.o(i.temp_convert) refers to dmul.o(x$fpl$dmul) for __aeabi_dmul
    temp.o(i.temp_convert) refers to ddiv.o(x$fpl$ddiv) for __aeabi_ddiv
    queue.o(i.Pop_Queue) refers to queue.o(i.Sizeof_Queue_Current) for Sizeof_Queue_Current
    queue.o(i.Pop_Queue) refers to strcpy.o(.text) for strcpy
[...]
    .ARM.Collect$$libshutdown$$00000002      0x08000192   Section        0  libshutdown2.o(.ARM.Collect$$libshutdown$$00000002)
    .ARM.Collect$$libshutdown$$00000004      0x08000192   Section        0  libshutdown2.o(.ARM.Collect$$libshutdown$$00000004)
    .ARM.Collect$$libshutdown$$00000007      0x08000192   Section        0  libshutdown2.o(.ARM.Collect$$libshutdown$$00000007)
    .ARM.Collect$$libshutdown$$0000000A      0x08000192   Section        0  libshutdown2.o(.ARM.Collect$$libshutdown$$0000000A)
    .ARM.Collect$$libshutdown$$0000000C      0x08000192   Section        0  libshutdown2.o(.ARM.Collect$$libshutdown$$0000000C)
    .ARM.Collect$$libshutdown$$0000000F      0x08000192   Section        0  libshutdown2.o(.ARM.Collect$$libshutdown$$0000000F)
    .ARM.Collect$$libshutdown$$00000010      0x08000192   Section        2  libshutdown2.o(.ARM.Collect$$libshutdown$$00000010)
    .ARM.Collect$$rtentry$$00000000          0x08000194   Section        0  __rtentry.o(.ARM.Collect$$rtentry$$00000000)
    .ARM.Collect$$rtentry$$00000002          0x08000194   Section        0  __rtentry2.o(.ARM.Collect$$rtentry$$00000002)
    .ARM.Collect$$rtentry$$00000004          0x08000194   Section        6  __rtentry4.o(.ARM.Collect$$rtentry$$00000004)
    .ARM.Collect$$rtentry$$00000009          0x0800019a   Section        0  __rtentry2.o(.ARM.Collect$$rtentry$$00000009)
    .ARM.Collect$$rtentry$$0000000A          0x0800019a   Section        4  __rtentry2.o(.ARM.Collect$$rtentry$$0000000A)
    .ARM.Collect$$rtentry$$0000000C          0x0800019e   Section        0  __rtentry2.o(.ARM.Collect$$rtentry$$0000000C)
    .ARM.Collect$$rtentry$$0000000D          0x0800019e   Section        8  __rtentry2.o(.ARM.Collect$$rtentry$$0000000D)
    .ARM.Collect$$rtexit$$00000000           0x080001a6   Section        2  rtexit.o(.ARM.Collect$$rtexit$$00000000)
    .ARM.Collect$$rtexit$$00000002           0x080001a8   Section        0  rtexit2.o(.ARM.Collect$$rtexit$$00000002)
    .ARM.Collect$$rtexit$$00000003           0x080001a8   Section        4  rtexit2.o(.ARM.Collect$$rtexit$$00000003)
    .ARM.Collect$$rtexit$$00000004           0x080001ac   Section        6  rtexit2.o(.ARM.Collect$$rtexit$$00000004)
    .text                                    0x080001b4   Section       64  startup_stm32f103xb.o(.text)
    .text                                    0x080001f4   Section        0  noretval__2sprintf.o(.text)
    .text                                    0x0800021c   Section        0  _printf_pad.o(.text)
    .text                                    0x0800026c   Section        0  _printf_dec.o(.text)
    .text                                    0x080002e4   Section        0  __printf_ss_wp.o(.text)
    .text                                    0x08000444   Section        0  atoi.o(.text)
    .text                                    0x0800045e   Section        0  strcpy.o(.text)
    .text                                    0x080004a6   Section        0  strlen.o(.text)
    .text                                    0x080004e4   Section       78  rt_memclr_w.o(.text)
    .text                                    0x08000534   Section      128  strcmpv7m.o(.text)
    .text                                    0x080005b4   Section        0  heapauxi.o(.text)
    .text                                    0x080005bc   Section        8  rt_errno_addr_intlibspace.o(.text)
    .text                                    0x080005c4   Section        0  _printf_intcommon.o(.text)
    .text                                    0x08000676   Section        0  _printf_fp_dec.o(.text)
    _fp_digits                               0x08000679   Thumb Code   428  _printf_fp_dec.o(.text)
    .text                                    0x08000a90   Section        0  _printf_char_common.o(.text)
    _printf_input_char                       0x08000a91   Thumb Code    10  _printf_char_common.o(.text)
    .text                                    0x08000ac0   Section        0  _sputc.o(.text)
    .text                                    0x08000aca   Section        0  strtol.o(.text)
    .text                                    0x08000b3c   Section        8  libspace.o(.text)
    .text                                    0x08000b44   Section       16  rt_ctype_table.o(.text)
    .text                                    0x08000b54   Section        8  rt_locale_intlibspace.o(.text)
    .text                                    0x08000b5c   Section      138  lludiv10.o(.text)
    .text                                    0x08000be8   Section        0  _printf_fp_infnan.o(.text)
    .text                                    0x08000c68   Section        0  _strtoul.o(.text)
    .text                                    0x08000d08   Section        0  bigflt0.o(.text)
    .text                                    0x08000de4   Section       74  sys_stackheap_outer.o(.text)
    .text                                    0x08000e2e   Section        0  _chval.o(.text)
    .text                                    0x08000e4a   Section        0  exit.o(.text)
    .text                                    0x08000e5c   Section        0  sys_exit.o(.text)
    .text                                    0x08000e68   Section        2  use_no_semi.o(.text)
    .text                                    0x08000e6a   Section        0  indicate_semi.o(.text)
    CL$$btod_d2e                             0x08000e6a   Section       62  btod.o(CL$$btod_d2e)
    CL$$btod_d2e_denorm_low                  0x08000ea8   Section       70  btod.o(CL$$btod_d2e_denorm_low)
    CL$$btod_d2e_norm_op1                    0x08000eee   Section       96  btod.o(CL$$btod_d2e_norm_op1)
    CL$$btod_div_common                      0x08000f4e   Section      824  btod.o(CL$$btod_div_common)
    CL$$btod_e2e                             0x08001286   Section      198  btod.o(CL$$btod_e2e)
    CL$$btod_ediv                            0x0800134c   Section       40  btod.o(CL$$btod_ediv)
    CL$$btod_emul                            0x08001374   Section       40  btod.o(CL$$btod_emul)
    CL$$btod_mult_common                     0x0800139c   Section      580  btod.o(CL$$btod_mult_common)
    i.ADC1_2_IRQHandler                      0x080015e0   Section        0  stm32f1xx_it.o(i.ADC1_2_IRQHandler)
    i.ADC_ConversionStop_Disable             0x080015ec   Section        0  stm32f1xx_hal_adc.o(i.ADC_ConversionStop_Disable)
    i.ADC_Enable                             0x08001644   Section        0  stm32f1xx_hal_adc.o(i.ADC_Enable)
    i.BusFault_Handler                       0x080016c0   Section        0  stm32f1xx_it.o(i.BusFault_Handler)
    i.DebugMon_Handler                       0x080016c2   Section        0  stm32f1xx_it.o(i.DebugMon_Handler)
    i.EXTI15_10_IRQHandler                   0x080016c4   Section        0  stm32f1xx_it.o(i.EXTI15_10_IRQHandler)
    i.Get_Humd                               0x080016cc   Section        0  humd.o(i.Get_Humd)
    i.HAL_ADCEx_InjectedConvCpltCallback     0x08001c40   Section        0  stm32f1xx_hal_adc_ex.o(i.HAL_ADCEx_InjectedConvCpltCallback)
    i.HAL_ADC_ConfigChannel                  0x08001c44   Section        0  stm32f1xx_hal_adc.o(i.HAL_ADC_ConfigChannel)
    i.HAL_ADC_ConvCpltCallback               0x08001d40   Section        0  main.o(i.HAL_ADC_ConvCpltCallback)
    i.HAL_ADC_GetValue                       0x08001d5c   Section        0  stm32f1xx_hal_adc.o(i.HAL_ADC_GetValue)
    i.HAL_ADC_IRQHandler                     0x08001d62   Section        0  stm32f1xx_hal_adc.o(i.HAL_ADC_IRQHandler)
    i.HAL_ADC_Init                           0x08001e40   Section        0  stm32f1xx_hal_adc.o(i.HAL_ADC_Init)
    i.HAL_ADC_LevelOutOfWindowCallback       0x08001f5c   Section        0  stm32f1xx_hal_adc.o(i.HAL_ADC_LevelOutOfWindowCallback)
    i.HAL_ADC_MspInit                        0x08001f60   Section        0  stm32f1xx_hal_msp.o(i.HAL_ADC_MspInit)
    i.HAL_ADC_Start_IT                       0x08001fc8   Section        0  stm32f1xx_hal_adc.o(i.HAL_ADC_Start_IT)
    i.HAL_DMA_Abort                          0x08002094   Section        0  stm32f1xx_hal_dma.o(i.HAL_DMA_Abort)
    i.HAL_DMA_Abort_IT                       0x080020dc   Section        0  stm32f1xx_hal_dma.o(i.HAL_DMA_Abort_IT)
    i.HAL_Delay                              0x08002174   Section        0  stm32f1xx_hal.o(i.HAL_Delay)
    i.HAL_GPIO_EXTI_Callback                 0x08002198   Section        0  main.o(i.HAL_GPIO_EXTI_Callback)
    i.HAL_GPIO_EXTI_IRQHandler               0x080021e8   Section        0  stm32f1xx_hal_gpio.o(i.HAL_GPIO_EXTI_IRQHandler)
    i.HAL_GPIO_Init                          0x08002200   Section        0  stm32f1xx_hal_gpio.o(i.HAL_GPIO_Init)
    i.HAL_GPIO_WritePin                      0x080023e0   Section        0  stm32f1xx_hal_gpio.o(i.HAL_GPIO_WritePin)
    i.HAL_GetTick                            0x080023ec   Section        0  stm32f1xx_hal.o(i.HAL_GetTick)
    i.HAL_I2C_Init                           0x080023f8   Section        0  stm32f1xx_hal_i2c.o(i.HAL_I2C_Init)
    i.HAL_I2C_Master_Transmit                0x08002580   Section        0  stm32f1xx_hal_i2c.o(i.HAL_I2C_Master_Transmit)
    i.HAL_I2C_MspInit                        0x080026ac   Section        0  stm32f1xx_hal_msp.o(i.HAL_I2C_MspInit)
    i.HAL_IncTick                            0x08002708   Section        0  stm32f1xx_hal.o(i.HAL_IncTick)
    i.HAL_Init                               0x08002718   Section        0  stm32f1xx_hal.o(i.HAL_Init)
    i.HAL_InitTick                           0x0800273c   Section        0  stm32f1xx_hal.o(i.HAL_InitTick)
    i.HAL_MspInit                            0x0800277c   Section        0  stm32f1xx_hal_msp.o(i.HAL_MspInit)
    i.HAL_NVIC_EnableIRQ                     0x080027a8   Section        0  stm32f1xx_hal_cortex.o(i.HAL_NVIC_EnableIRQ)
    i.HAL_NVIC_SetPriority                   0x080027c4   Section        0  stm32f1xx_hal_cortex.o(i.HAL_NVIC_SetPriority)
    i.HAL_NVIC_SetPriorityGrouping           0x08002804   Section        0  stm32f1xx_hal_cortex.o(i.HAL_NVIC_SetPriorityGrouping)
    i.HAL_RCCEx_PeriphCLKConfig              0x08002828   Section        0  stm32f1xx_hal_rcc_ex.o(i.HAL_RCCEx_PeriphCLKConfig)
    i.HAL_RCC_ClockConfig                    0x08002914   Section        0  stm32f1xx_hal_rcc.o(i.HAL_RCC_ClockConfig)
    i.HAL_RCC_GetPCLK1Freq                   0x08002a40   Section        0  stm32f1xx_hal_rcc.o(i.HAL_RCC_GetPCLK1Freq)
    i.HAL_RCC_GetPCLK2Freq                   0x08002a60   Section        0  stm32f1xx_hal_rcc.o(i.HAL_RCC_GetPCLK2Freq)
    i.HAL_RCC_GetSysClockFreq                0x08002a80   Section        0  stm32f1xx_hal_rcc.o(i.HAL_RCC_GetSysClockFreq)
    i.HAL_RCC_OscConfig                      0x08002acc   Section        0  stm32f1xx_hal_rcc.o(i.HAL_RCC_OscConfig)
    i.HAL_SYSTICK_Config                     0x08002dec   Section        0  stm32f1xx_hal_cortex.o(i.HAL_SYSTICK_Config)
    i.HAL_TIMEx_BreakCallback                0x08002e14   Section        0  stm32f1xx_hal_tim_ex.o(i.HAL_TIMEx_BreakCallback)
    i.HAL_TIMEx_CommutCallback               0x08002e16   Section        0  stm32f1xx_hal_tim_ex.o(i.HAL_TIMEx_CommutCallback)
    i.HAL_TIMEx_MasterConfigSynchronization  0x08002e18   Section        0  stm32f1xx_hal_tim_ex.o(i.HAL_TIMEx_MasterConfigSynchronization)
    i.HAL_TIM_Base_Init                      0x08002e80   Section        0  stm32f1xx_hal_tim.o(i.HAL_TIM_Base_Init)
    i.HAL_TIM_Base_MspInit                   0x08002edc   Section        0  stm32f1xx_hal_msp.o(i.HAL_TIM_Base_MspInit)
    i.HAL_TIM_Base_Start                     0x08002f70   Section        0  stm32f1xx_hal_tim.o(i.HAL_TIM_Base_Start)
    i.HAL_TIM_Base_Start_IT                  0x08002fc0   Section        0  stm32f1xx_hal_tim.o(i.HAL_TIM_Base_Start_IT)
    i.HAL_TIM_ConfigClockSource              0x08003018   Section        0  stm32f1xx_hal_tim.o(i.HAL_TIM_ConfigClockSource)
    i.HAL_TIM_IC_CaptureCallback             0x080030f4   Section        0  stm32f1xx_hal_tim.o(i.HAL_TIM_IC_CaptureCallback)
    i.HAL_TIM_IRQHandler                     0x080030f6   Section        0  stm32f1xx_hal_tim.o(i.HAL_TIM_IRQHandler)
    i.HAL_TIM_OC_DelayElapsedCallback        0x0800325c   Section        0  stm32f1xx_hal_tim.o(i.HAL_TIM_OC_DelayElapsedCallback)
    i.HAL_TIM_PWM_PulseFinishedCallback      0x0800325e   Section        0  stm32f1xx_hal_tim.o(i.HAL_TIM_PWM_PulseFinishedCallback)
    i.HAL_TIM_PeriodElapsedCallback          0x08003260   Section        0  main.o(i.HAL_TIM_PeriodElapsedCallback)
    i.HAL_TIM_TriggerCallback                0x080032cc   Section        0  stm32f1xx_hal_tim.o(i.HAL_TIM_TriggerCallback)
    i.HAL_UARTEx_RxEventCallback             0x080032ce   Section        0  stm32f1xx_hal_uart.o(i.HAL_UARTEx_RxEventCallback)
    i.HAL_UART_ErrorCallback                 0x080032d0   Section        0  stm32f1xx_hal_uart.o(i.HAL_UART_ErrorCallback)
    i.HAL_UART_IRQHandler                    0x080032d4   Section        0  stm32f1xx_hal_uart.o(i.HAL_UART_IRQHandler)
    i.HAL_UART_Init                          0x08003540   Section        0  stm32f1xx_hal_uart.o(i.HAL_UART_Init)
    i.HAL_UART_MspInit                       0x080035a4   Section        0  stm32f1xx_hal_msp.o(i.HAL_UART_MspInit)
    i.HAL_UART_Receive_IT                    0x08003624   Section        0  stm32f1xx_hal_uart.o(i.HAL_UART_Receive_IT)
    i.HAL_UART_RxCpltCallback                0x08003640   Section        0  main.o(i.HAL_UART_RxCpltCallback)
    i.HAL_UART_Transmit                      0x08003700   Section        0  stm32f1xx_hal_uart.o(i.HAL_UART_Transmit)
    i.HAL_UART_TxCpltCallback                0x0800379a   Section        0  stm32f1xx_hal_uart.o(i.HAL_UART_TxCpltCallback)
    i.HardFault_Handler                      0x0800379c   Section        0  stm32f1xx_it.o(i.HardFault_Handler)
    i.I2C_IsAcknowledgeFailed                0x0800379e   Section        0  stm32f1xx_hal_i2c.o(i.I2C_IsAcknowledgeFailed)
    I2C_IsAcknowledgeFailed                  0x0800379f   Thumb Code    46  stm32f1xx_hal_i2c.o(i.I2C_IsAcknowledgeFailed)
    i.I2C_MasterRequestWrite                 0x080037cc   Section        0  stm32f1xx_hal_i2c.o(i.I2C_MasterRequestWrite)
    I2C_MasterRequestWrite                   0x080037cd   Thumb Code   150  stm32f1xx_hal_i2c.o(i.I2C_MasterRequestWrite)
    i.I2C_WaitOnBTFFlagUntilTimeout          0x08003868   Section        0  stm32f1xx_hal_i2c.o(i.I2C_WaitOnBTFFlagUntilTimeout)
    I2C_WaitOnBTFFlagUntilTimeout            0x08003869   Thumb Code    86  stm32f1xx_hal_i2c.o(i.I2C_WaitOnBTFFlagUntilTimeout)
    i.I2C_WaitOnFlagUntilTimeout             0x080038c0   Section        0  stm32f1xx_hal_i2c.o(i.I2C_WaitOnFlagUntilTimeout)
    I2C_WaitOnFlagUntilTimeout               0x080038c1   Thumb Code   144  stm32f1xx_hal_i2c.o(i.I2C_WaitOnFlagUntilTimeout)
    i.I2C_WaitOnMasterAddressFlagUntilTimeout 0x08003950   Section        0  stm32f1xx_hal_i2c.o(i.I2C_WaitOnMasterAddressFlagUntilTimeout)
    I2C_WaitOnMasterAddressFlagUntilTimeout  0x08003951   Thumb Code   188  stm32f1xx_hal_i2c.o(i.I2C_WaitOnMasterAddressFlagUntilTimeout)
    i.I2C_WaitOnTXEFlagUntilTimeout          0x08003a0c   Section        0  stm32f1xx_hal_i2c.o(i.I2C_WaitOnTXEFlagUntilTimeout)
    I2C_WaitOnTXEFlagUntilTimeout            0x08003a0d   Thumb Code    86  stm32f1xx_hal_i2c.o(i.I2C_WaitOnTXEFlagUntilTimeout)
    i.LCD_I2C_Init                           0x08003a62   Section        0  lcd_i2c.o(i.LCD_I2C_Init)
    i.LCD_I2C_Set_Cursor                     0x08003ac8   Section        0  lcd_i2c.o(i.LCD_I2C_Set_Cursor)
    i.LCD_I2C_WRITE_DATA                     0x08003adc   Section        0  lcd_i2c.o(i.LCD_I2C_WRITE_DATA)
    i.LCD_I2C_WRITE_NUMBER                   0x08003b1c   Section        0  lcd_i2c.o(i.LCD_I2C_WRITE_NUMBER)
    i.LCD_I2C_WRITE_Num_f                    0x08003b34   Section        0  lcd_i2c.o(i.LCD_I2C_WRITE_Num_f)
    i.LCD_I2C_Write_CMD                      0x08003b54   Section        0  lcd_i2c.o(i.LCD_I2C_Write_CMD)
    i.LCD_I2C_Write_String                   0x08003b94   Section        0  lcd_i2c.o(i.LCD_I2C_Write_String)
    i.MX_ADC1_Init                           0x08003bb4   Section        0  main.o(i.MX_ADC1_Init)
    MX_ADC1_Init                             0x08003bb5   Thumb Code    70  main.o(i.MX_ADC1_Init)
    i.MX_GPIO_Init                           0x08003c04   Section        0  main.o(i.MX_GPIO_Init)
    MX_GPIO_Init                             0x08003c05   Thumb Code   190  main.o(i.MX_GPIO_Init)
    i.MX_TIM1_Init                           0x08003cd4   Section        0  main.o(i.MX_TIM1_Init)
    MX_TIM1_Init                             0x08003cd5   Thumb Code    98  main.o(i.MX_TIM1_Init)
    i.MX_TIM2_Init                           0x08003d40   Section        0  main.o(i.MX_TIM2_Init)
    MX_TIM2_Init                             0x08003d41   Thumb Code    98  main.o(i.MX_TIM2_Init)
    i.MX_TIM3_Init                           0x08003da8   Section        0  main.o(i.MX_TIM3_Init)
    MX_TIM3_Init                             0x08003da9   Thumb Code    96  main.o(i.MX_TIM3_Init)
    i.MX_TIM4_Init                           0x08003e10   Section        0  main.o(i.MX_TIM4_Init)
    MX_TIM4_Init                             0x08003e11   Thumb Code    94  main.o(i.MX_TIM4_Init)
    i.MemManage_Handler                      0x08003e78   Section        0  stm32f1xx_it.o(i.MemManage_Handler)
    i.NMI_Handler                            0x08003e7a   Section        0  stm32f1xx_it.o(i.NMI_Handler)
    i.PendSV_Handler                         0x08003e7c   Section        0  stm32f1xx_it.o(i.PendSV_Handler)
    i.Pop_Queue                              0x08003e7e   Section        0  queue.o(i.Pop_Queue)
    i.Push_Queue                             0x08003eb2   Section        0  queue.o(i.Push_Queue)
    i.SVC_Handler                            0x08003ef8   Section        0  stm32f1xx_it.o(i.SVC_Handler)
    i.Sizeof_Queue_Current                   0x08003efa   Section        0  queue.o(i.Sizeof_Queue_Current)
    i.SysTick_Handler                        0x08003f1c   Section        0  stm32f1xx_it.o(i.SysTick_Handler)
    i.SystemClock_Config                     0x08003f20   Section        0  main.o(i.SystemClock_Config)
    i.SystemInit                             0x08003f98   Section        0  system_stm32f1xx.o(i.SystemInit)
    i.TIM2_IRQHandler                        0x08003f9c   Section        0  stm32f1xx_it.o(i.TIM2_IRQHandler)
    i.TIM3_IRQHandler                        0x08003fa8   Section        0  stm32f1xx_it.o(i.TIM3_IRQHandler)
    i.TIM_Base_SetConfig                     0x08003fb4   Section        0  stm32f1xx_hal_tim.o(i.TIM_Base_SetConfig)
    i.TIM_ETR_SetConfig                      0x08004020   Section        0  stm32f1xx_hal_tim.o(i.TIM_ETR_SetConfig)
    i.TIM_ITRx_SetConfig                     0x08004034   Section        0  stm32f1xx_hal_tim.o(i.TIM_ITRx_SetConfig)
    TIM_ITRx_SetConfig                       0x08004035   Thumb Code    16  stm32f1xx_hal_tim.o(i.TIM_ITRx_SetConfig)
    i.TIM_TI1_ConfigInputStage               0x08004044   Section        0  stm32f1xx_hal_tim.o(i.TIM_TI1_ConfigInputStage)
    TIM_TI1_ConfigInputStage                 0x08004045   Thumb Code    34  stm32f1xx_hal_tim.o(i.TIM_TI1_ConfigInputStage)
    i.TIM_TI2_ConfigInputStage               0x08004066   Section        0  stm32f1xx_hal_tim.o(i.TIM_TI2_ConfigInputStage)
    TIM_TI2_ConfigInputStage                 0x08004067   Thumb Code    36  stm32f1xx_hal_tim.o(i.TIM_TI2_ConfigInputStage)
    i.Task_Humd                              0x0800408c   Section        0  main.o(i.Task_Humd)
    i.Task_LCD                               0x080040fc   Section        0  main.o(i.Task_LCD)
    i.Task_Temp                              0x08004198   Section        0  main.o(i.Task_Temp)
    i.Task_UART                              0x08004250   Section        0  main.o(i.Task_UART)
    i.UART_DMAAbortOnError                   0x080043fc   Section        0  stm32f1xx_hal_uart.o(i.UART_DMAAbortOnError)
    UART_DMAAbortOnError                     0x080043fd   Thumb Code    16  stm32f1xx_hal_uart.o(i.UART_DMAAbortOnError)
    i.UART_EndRxTransfer                     0x0800440c   Section        0  stm32f1xx_hal_uart.o(i.UART_EndRxTransfer)
    UART_EndRxTransfer                       0x0800440d   Thumb Code    78  stm32f1xx_hal_uart.o(i.UART_EndRxTransfer)
    i.UART_Receive_IT                        0x0800445a   Section        0  stm32f1xx_hal_uart.o(i.UART_Receive_IT)
    UART_Receive_IT                          0x0800445b   Thumb Code   194  stm32f1xx_hal_uart.o(i.UART_Receive_IT)
    i.UART_SetConfig                         0x0800451c   Section        0  stm32f1xx_hal_uart.o(i.UART_SetConfig)
    UART_SetConfig                           0x0800451d   Thumb Code   178  stm32f1xx_hal_uart.o(i.UART_SetConfig)
    i.UART_Start_Receive_IT                  0x080045d4   Section        0  stm32f1xx_hal_uart.o(i.UART_Start_Receive_IT)
    i.UART_WaitOnFlagUntilTimeout            0x0800460a   Section        0  stm32f1xx_hal_uart.o(i.UART_WaitOnFlagUntilTimeout)
    UART_WaitOnFlagUntilTimeout              0x0800460b   Thumb Code   120  stm32f1xx_hal_uart.o(i.UART_WaitOnFlagUntilTimeout)
    i.USART2_IRQHandler                      0x08004684   Section        0  stm32f1xx_it.o(i.USART2_IRQHandler)
    i.UsageFault_Handler                     0x08004690   Section        0  stm32f1xx_it.o(i.UsageFault_Handler)
    i.__ARM_fpclassify                       0x08004692   Section        0  fpclassify.o(i.__ARM_fpclassify)
    i.__NVIC_SetPriority                     0x080046ba   Section        0  stm32f1xx_hal_cortex.o(i.__NVIC_SetPriority)
    __NVIC_SetPriority                       0x080046bb   Thumb Code    32  stm32f1xx_hal_cortex.o(i.__NVIC_SetPriority)
    i._is_digit                              0x080046da   Section        0  __printf_wp.o(i._is_digit)
    i.main                                   0x080046e8   Section        0  main.o(i.main)
    i.temp_convert                           0x080047b8   Section        0  temp.o(i.temp_convert)
    locale$$code                             0x080047ec   Section       44  lc_numeric_c.o(locale$$code)
    locale$$code                             0x08004818   Section       44  lc_ctype_c.o(locale$$code)
    x$fpl$dcmpinf                            0x08004844   Section       24  dcmpi.o(x$fpl$dcmpinf)
    x$fpl$ddiv                               0x0800485c   Section      688  ddiv.o(x$fpl$ddiv)
    ddiv_entry                               0x08004863   Thumb Code     0  ddiv.o(x$fpl$ddiv)
    x$fpl$deqf                               0x08004b0c   Section      120  deqf.o(x$fpl$deqf)
    x$fpl$dfixu                              0x08004b84   Section       90  dfixu.o(x$fpl$dfixu)
    x$fpl$dfltu                              0x08004bde   Section       38  dflt_clz.o(x$fpl$dfltu)
    x$fpl$dmul                               0x08004c04   Section      340  dmul.o(x$fpl$dmul)
    x$fpl$dnaninf                            0x08004d58   Section      156  dnaninf.o(x$fpl$dnaninf)
    x$fpl$dretinf                            0x08004df4   Section       12  dretinf.o(x$fpl$dretinf)
    x$fpl$printf1                            0x08004e00   Section        4  printf1.o(x$fpl$printf1)
    .constdata                               0x08004e04   Section       18  stm32f1xx_hal_rcc.o(.constdata)
    x$fpl$usenofp                            0x08004e04   Section        0  usenofp.o(x$fpl$usenofp)
    aPredivFactorTable                       0x08004e04   Data           2  stm32f1xx_hal_rcc.o(.constdata)
    aPLLMULFactorTable                       0x08004e06   Data          16  stm32f1xx_hal_rcc.o(.constdata)
    .constdata                               0x08004e16   Section       16  system_stm32f1xx.o(.constdata)
    .constdata                               0x08004e26   Section        8  system_stm32f1xx.o(.constdata)
    .constdata                               0x08004e30   Section      148  bigflt0.o(.constdata)
    tenpwrs_x                                0x08004e30   Data          60  bigflt0.o(.constdata)
    tenpwrs_i                                0x08004e6c   Data          64  bigflt0.o(.constdata)
    locale$$data                             0x08004ee4   Section       28  lc_numeric_c.o(locale$$data)
    __lcnum_c_name                           0x08004ee8   Data           2  lc_numeric_c.o(locale$$data)
    __lcnum_c_start                          0x08004ef0   Data           0  lc_numeric_c.o(locale$$data)
    __lcnum_c_point                          0x08004efc   Data           0  lc_numeric_c.o(locale$$data)
    __lcnum_c_thousands                      0x08004efe   Data           0  lc_numeric_c.o(locale$$data)
    __lcnum_c_grouping                       0x08004eff   Data           0  lc_numeric_c.o(locale$$data)
    locale$$data                             0x08004f00   Section      272  lc_ctype_c.o(locale$$data)
    __lcnum_c_end                            0x08004f00   Data           0  lc_numeric_c.o(locale$$data)
    __lcctype_c_name                         0x08004f04   Data           2  lc_ctype_c.o(locale$$data)
    __lcctype_c_start                        0x08004f0c   Data           0  lc_ctype_c.o(locale$$data)
    __lcctype_c_end                          0x08005010   Data           0  lc_ctype_c.o(locale$$data)
    .data                                    0x20000000   Section       56  main.o(.data)
    turn                                     0x20000004   Data           1  main.o(.data)
    a                                        0x20000010   Data           4  main.o(.data)
    lastTime                                 0x20000014   Data           4  main.o(.data)
    temp                                     0x20000030   Data           8  main.o(.data)
    .data                                    0x20000038   Section       12  stm32f1xx_hal.o(.data)
    .data                                    0x20000044   Section        4  system_stm32f1xx.o(.data)
    .bss                                     0x20000048   Section      652  main.o(.bss)
    .bss                                     0x200002d4   Section       96  libspace.o(.bss)
    HEAP                                     0x20000338   Section      512  startup_stm32f103xb.o(HEAP)
    Heap_Mem                                 0x20000338   Data         512  startup_stm32f103xb.o(HEAP)
    STACK                                    0x20000538   Section     1024  startup_stm32f103xb.o(STACK)
    Stack_Mem                                0x20000538   Data        1024  startup_stm32f103xb.o(STACK)
    __initial_sp                             0x20000938   Data           0  startup_stm32f103xb.o(STACK)

    Global Symbols

    Symbol Name                              Value     Ov Type        Size  Object(Section)

    BuildAttributes$$THM_ISAv4$P$D$K$B$S$PE$A:L22UL41UL21$X:L11$S22US41US21$IEEE1$IW$USESV6$~STKCKD$USESV7$~SHL$OTIME$ROPI$IEEEJ$EBA8$UX$STANDARDLIB$REQ8$PRES8$EABIv2 0x00000000   Number         0  anon$$obj.o ABSOLUTE
    __ARM_use_no_argv                        0x00000000   Number         0  main.o ABSOLUTE
    _printf_flags                            0x00000000   Number         0  printf_stubs.o ABSOLUTE
    _printf_return_value                     0x00000000   Number         0  printf_stubs.o ABSOLUTE
    _printf_sizespec                         0x00000000   Number         0  printf_stubs.o ABSOLUTE
    _printf_widthprec                        0x00000000   Number         0  printf_stubs.o ABSOLUTE
    __ARM_exceptions_init                     - Undefined Weak Reference
    __alloca_initialize                       - Undefined Weak Reference
    __arm_preinit_                            - Undefined Weak Reference
    __cpp_initialize__aeabi_                  - Undefined Weak Reference
    __cxa_finalize                            - Undefined Weak Reference
    __sigvec_lookup                           - Undefined Weak Reference
    _atexit_init                              - Undefined Weak Reference
    _call_atexit_fns                          - Undefined Weak Reference
    _clock_init                               - Undefined Weak Reference
    _fp_trap_init                             - Undefined Weak Reference
    _fp_trap_shutdown                         - Undefined Weak Reference
    _get_lc_collate                           - Undefined Weak Reference
    _get_lc_monetary                          - Undefined Weak Reference
    _get_lc_time                              - Undefined Weak Reference
    _getenv_init                              - Undefined Weak Reference
    _handle_redirection                       - Undefined Weak Reference
    _init_alloc                               - Undefined Weak Reference
    _init_user_alloc                          - Undefined Weak Reference
    _initio                                   - Undefined Weak Reference
    _printf_truncate_signed                   - Undefined Weak Reference
    _printf_truncate_unsigned                 - Undefined Weak Reference
    _rand_init                                - Undefined Weak Reference
    _signal_finish                            - Undefined Weak Reference
    _signal_init                              - Undefined Weak Reference
    _terminate_alloc                          - Undefined Weak Reference
    _terminate_user_alloc                     - Undefined Weak Reference
    _terminateio                              - Undefined Weak Reference
    __Vectors_Size                           0x000000ec   Number         0  startup_stm32f103xb.o ABSOLUTE
    __Vectors                                0x08000000   Data           4  startup_stm32f103xb.o(RESET)
    __Vectors_End                            0x080000ec   Data           0  startup_stm32f103xb.o(RESET)
    __main                                   0x080000ed   Thumb Code     8  __main.o(!!!main)
    __scatterload                            0x080000f5   Thumb Code     0  __scatter.o(!!!scatter)
    __scatterload_rt2                        0x080000f5   Thumb Code    44  __scatter.o(!!!scatter)
    __scatterload_rt2_thumb_only             0x080000f5   Thumb Code     0  __scatter.o(!!!scatter)
    __scatterload_null                       0x08000103   Thumb Code     0  __scatter.o(!!!scatter)
    __scatterload_copy                       0x08000129   Thumb Code    26  __scatter_copy.o(!!handler_copy)
    __scatterload_zeroinit                   0x08000145   Thumb Code    28  __scatter_zi.o(!!handler_zi)
    _printf_f                                0x08000161   Thumb Code     0  _printf_f.o(.ARM.Collect$$_printf_percent$$00000003)
    _printf_percent                          0x08000161   Thumb Code     0  _printf_percent.o(.ARM.Collect$$_printf_percent$$00000000)
    _printf_d                                0x08000167   Thumb Code     0  _printf_d.o(.ARM.Collect$$_printf_percent$$00000009)
    _printf_percent_end                      0x0800016d   Thumb Code     0  _printf_percent_end.o(.ARM.Collect$$_printf_percent$$00000017)
    __rt_lib_init                            0x08000171   Thumb Code     0  libinit.o(.ARM.Collect$$libinit$$00000000)
    __rt_lib_init_fp_1                       0x08000173   Thumb Code     0  libinit2.o(.ARM.Collect$$libinit$$00000002)
    __rt_lib_init_heap_1                     0x08000173   Thumb Code     0  libinit2.o(.ARM.Collect$$libinit$$0000000A)
    __rt_lib_init_lc_common                  0x08000173   Thumb Code     0  libinit2.o(.ARM.Collect$$libinit$$0000000F)
    __rt_lib_init_preinit_1                  0x08000173   Thumb Code     0  libinit2.o(.ARM.Collect$$libinit$$00000004)
    __rt_lib_init_rand_1                     0x08000173   Thumb Code     0  libinit2.o(.ARM.Collect$$libinit$$0000000E)
    __rt_lib_init_user_alloc_1               0x08000173   Thumb Code     0  libinit2.o(.ARM.Collect$$libinit$$0000000C)
    __rt_lib_init_lc_collate_1               0x08000179   Thumb Code     0  libinit2.o(.ARM.Collect$$libinit$$00000011)
    __rt_lib_init_lc_ctype_2                 0x08000179   Thumb Code     0  libinit2.o(.ARM.Collect$$libinit$$00000012)
    __rt_lib_init_lc_ctype_1                 0x08000185   Thumb Code     0  libinit2.o(.ARM.Collect$$libinit$$00000013)
    __rt_lib_init_lc_monetary_1              0x08000185   Thumb Code     0  libinit2.o(.ARM.Collect$$libinit$$00000015)
    __rt_lib_init_lc_numeric_2               0x08000185   Thumb Code     0  libinit2.o(.ARM.Collect$$libinit$$00000016)
    __rt_lib_init_alloca_1                   0x0800018f   Thumb Code     0  libinit2.o(.ARM.Collect$$libinit$$0000002E)
    __rt_lib_init_argv_1                     0x0800018f   Thumb Code     0  libinit2.o(.ARM.Collect$$libinit$$0000002C)
    __rt_lib_init_atexit_1                   0x0800018f   Thumb Code     0  libinit2.o(.ARM.Collect$$libinit$$0000001B)
    __rt_lib_init_clock_1                    0x0800018f   Thumb Code     0  libinit2.o(.ARM.Collect$$libinit$$00000021)
    __rt_lib_init_cpp_1                      0x0800018f   Thumb Code     0  libinit2.o(.ARM.Collect$$libinit$$00000032)
    __rt_lib_init_exceptions_1               0x0800018f   Thumb Code     0  libinit2.o(.ARM.Collect$$libinit$$00000030)
    __rt_lib_init_fp_trap_1                  0x0800018f   Thumb Code     0  libinit2.o(.ARM.Collect$$libinit$$0000001F)
    __rt_lib_init_getenv_1                   0x0800018f   Thumb Code     0  libinit2.o(.ARM.Collect$$libinit$$00000023)
    __rt_lib_init_lc_numeric_1               0x0800018f   Thumb Code     0  libinit2.o(.ARM.Collect$$libinit$$00000017)
    __rt_lib_init_lc_time_1                  0x0800018f   Thumb Code     0  libinit2.o(.ARM.Collect$$libinit$$00000019)
    __rt_lib_init_return                     0x0800018f   Thumb Code     0  libinit2.o(.ARM.Collect$$libinit$$00000033)
    __rt_lib_init_signal_1                   0x0800018f   Thumb Code     0  libinit2.o(.ARM.Collect$$libinit$$0000001D)
    __rt_lib_init_stdio_1                    0x0800018f   Thumb Code     0  libinit2.o(.ARM.Collect$$libinit$$00000025)
    __rt_lib_shutdown                        0x08000191   Thumb Code     0  libshutdown.o(.ARM.Collect$$libshutdown$$00000000)
    __rt_lib_shutdown_cpp_1                  0x08000193   Thumb Code     0  libshutdown2.o(.ARM.Collect$$libshutdown$$00000002)
    __rt_lib_shutdown_fp_trap_1              0x08000193   Thumb Code     0  libshutdown2.o(.ARM.Collect$$libshutdown$$00000007)
    __rt_lib_shutdown_heap_1                 0x08000193   Thumb Code     0  libshutdown2.o(.ARM.Collect$$libshutdown$$0000000F)
    __rt_lib_shutdown_return                 0x08000193   Thumb Code     0  libshutdown2.o(.ARM.Collect$$libshutdown$$00000010)
    __rt_lib_shutdown_signal_1               0x08000193   Thumb Code     0  libshutdown2.o(.ARM.Collect$$libshutdown$$0000000A)
    __rt_lib_shutdown_stdio_1                0x08000193   Thumb Code     0  libshutdown2.o(.ARM.Collect$$libshutdown$$00000004)
    __rt_lib_shutdown_user_alloc_1           0x08000193   Thumb Code     0  libshutdown2.o(.ARM.Collect$$libshutdown$$0000000C)
    __rt_entry                               0x08000195   Thumb Code     0  __rtentry.o(.ARM.Collect$$rtentry$$00000000)
    __rt_entry_presh_1                       0x08000195   Thumb Code     0  __rtentry2.o(.ARM.Collect$$rtentry$$00000002)
    __rt_entry_sh                            0x08000195   Thumb Code     0  __rtentry4.o(.ARM.Collect$$rtentry$$00000004)
    __rt_entry_li                            0x0800019b   Thumb Code     0  __rtentry2.o(.ARM.Collect$$rtentry$$0000000A)
    __rt_entry_postsh_1                      0x0800019b   Thumb Code     0  __rtentry2.o(.ARM.Collect$$rtentry$$00000009)
    __rt_entry_main                          0x0800019f   Thumb Code     0  __rtentry2.o(.ARM.Collect$$rtentry$$0000000D)
    __rt_entry_postli_1                      0x0800019f   Thumb Code     0  __rtentry2.o(.ARM.Collect$$rtentry$$0000000C)
    __rt_exit                                0x080001a7   Thumb Code     0  rtexit.o(.ARM.Collect$$rtexit$$00000000)
    __rt_exit_ls                             0x080001a9   Thumb Code     0  rtexit2.o(.ARM.Collect$$rtexit$$00000003)
    __rt_exit_prels_1                        0x080001a9   Thumb Code     0  rtexit2.o(.ARM.Collect$$rtexit$$00000002)
    __rt_exit_exit                           0x080001ad   Thumb Code     0  rtexit2.o(.ARM.Collect$$rtexit$$00000004)
    Reset_Handler                            0x080001b5   Thumb Code     8  startup_stm32f103xb.o(.text)
    CAN1_RX1_IRQHandler                      0x080001cf   Thumb Code     0  startup_stm32f103xb.o(.text)
    CAN1_SCE_IRQHandler                      0x080001cf   Thumb Code     0  startup_stm32f103xb.o(.text)
    DMA1_Channel1_IRQHandler                 0x080001cf   Thumb Code     0  startup_stm32f103xb.o(.text)
    DMA1_Channel2_IRQHandler                 0x080001cf   Thumb Code     0  startup_stm32f103xb.o(.text)
    DMA1_Channel3_IRQHandler                 0x080001cf   Thumb Code     0  startup_stm32f103xb.o(.text)
    DMA1_Channel4_IRQHandler                 0x080001cf   Thumb Code     0  startup_stm32f103xb.o(.text)
    DMA1_Channel5_IRQHandler                 0x080001cf   Thumb Code     0  startup_stm32f103xb.o(.text)
    DMA1_Channel6_IRQHandler                 0x080001cf   Thumb Code     0  startup_stm32f103xb.o(.text)
    DMA1_Channel7_IRQHandler                 0x080001cf   Thumb Code     0  startup_stm32f103xb.o(.text)
    EXTI0_IRQHandler                         0x080001cf   Thumb Code     0  startup_stm32f103xb.o(.text)
    EXTI1_IRQHandler                         0x080001cf   Thumb Code     0  startup_stm32f103xb.o(.text)
    EXTI2_IRQHandler                         0x080001cf   Thumb Code     0  startup_stm32f103xb.o(.text)
    EXTI3_IRQHandler                         0x080001cf   Thumb Code     0  startup_stm32f103xb.o(.text)
    EXTI4_IRQHandler                         0x080001cf   Thumb Code     0  startup_stm32f103xb.o(.text)
    EXTI9_5_IRQHandler                       0x080001cf   Thumb Code     0  startup_stm32f103xb.o(.text)
    FLASH_IRQHandler                         0x080001cf   Thumb Code     0  startup_stm32f103xb.o(.text)
    I2C1_ER_IRQHandler                       0x080001cf   Thumb Code     0  startup_stm32f103xb.o(.text)
    I2C1_EV_IRQHandler                       0x080001cf   Thumb Code     0  startup_stm32f103xb.o(.text)
    I2C2_ER_IRQHandler                       0x080001cf   Thumb Code     0  startup_stm32f103xb.o(.text)
    I2C2_EV_IRQHandler                       0x080001cf   Thumb Code     0  startup_stm32f103xb.o(.text)
    PVD_IRQHandler                           0x080001cf   Thumb Code     0  startup_stm32f103xb.o(.text)
    RCC_IRQHandler                           0x080001cf   Thumb Code     0  startup_stm32f103xb.o(.text)
    RTC_Alarm_IRQHandler                     0x080001cf   Thumb Code     0  startup_stm32f103xb.o(.text)
    RTC_IRQHandler                           0x080001cf   Thumb Code     0  startup_stm32f103xb.o(.text)
    SPI1_IRQHandler                          0x080001cf   Thumb Code     0  startup_stm32f103xb.o(.text)
    SPI2_IRQHandler                          0x080001cf   Thumb Code     0  startup_stm32f103xb.o(.text)
    TAMPER_IRQHandler                        0x080001cf   Thumb Code     0  startup_stm32f103xb.o(.text)
    TIM1_BRK_IRQHandler                      0x080001cf   Thumb Code     0  startup_stm32f103xb.o(.text)
    TIM1_CC_IRQHandler                       0x080001cf   Thumb Code     0  startup_stm32f103xb.o(.text)
    TIM1_TRG_COM_IRQHandler                  0x080001cf   Thumb Code     0  startup_stm32f103xb.o(.text)
    TIM1_UP_IRQHandler                       0x080001cf   Thumb Code     0  startup_stm32f103xb.o(.text)
    TIM4_IRQHandler                          0x080001cf   Thumb Code     0  startup_stm32f103xb.o(.text)
    USART1_IRQHandler                        0x080001cf   Thumb Code     0  startup_stm32f103xb.o(.text)
    USART3_IRQHandler                        0x080001cf   Thumb Code     0  startup_stm32f103xb.o(.text)
    USBWakeUp_IRQHandler                     0x080001cf   Thumb Code     0  startup_stm32f103xb.o(.text)
    USB_HP_CAN1_TX_IRQHandler                0x080001cf   Thumb Code     0  startup_stm32f103xb.o(.text)
    USB_LP_CAN1_RX0_IRQHandler               0x080001cf   Thumb Code     0  startup_stm32f103xb.o(.text)
    WWDG_IRQHandler                          0x080001cf   Thumb Code     0  startup_stm32f103xb.o(.text)
    __user_initial_stackheap                 0x080001d1   Thumb Code     0  startup_stm32f103xb.o(.text)
    __2sprintf                               0x080001f5   Thumb Code    34  noretval__2sprintf.o(.text)
    _printf_pre_padding                      0x0800021d   Thumb Code    44  _printf_pad.o(.text)
    _printf_post_padding                     0x08000249   Thumb Code    34  _printf_pad.o(.text)
    _printf_int_dec                          0x0800026d   Thumb Code   104  _printf_dec.o(.text)
    __printf                                 0x080002e5   Thumb Code   352  __printf_ss_wp.o(.text)
    atoi                                     0x08000445   Thumb Code    26  atoi.o(.text)
    strcpy                                   0x0800045f   Thumb Code    72  strcpy.o(.text)
    strlen                                   0x080004a7   Thumb Code    62  strlen.o(.text)
    __aeabi_memclr4                          0x080004e5   Thumb Code     0  rt_memclr_w.o(.text)
    __aeabi_memclr8                          0x080004e5   Thumb Code     0  rt_memclr_w.o(.text)
    __rt_memclr_w                            0x080004e5   Thumb Code    78  rt_memclr_w.o(.text)
    _memset_w                                0x080004e9   Thumb Code     0  rt_memclr_w.o(.text)
    strcmp                                   0x08000535   Thumb Code   128  strcmpv7m.o(.text)
    __use_two_region_memory                  0x080005b5   Thumb Code     2  heapauxi.o(.text)
    __rt_heap_escrow$2region                 0x080005b7   Thumb Code     2  heapauxi.o(.text)
    __rt_heap_expand$2region                 0x080005b9   Thumb Code     2  heapauxi.o(.text)
    __aeabi_errno_addr                       0x080005bd   Thumb Code     8  rt_errno_addr_intlibspace.o(.text)
    __errno$intlibspace                      0x080005bd   Thumb Code     0  rt_errno_addr_intlibspace.o(.text)
    __rt_errno_addr$intlibspace              0x080005bd   Thumb Code     0  rt_errno_addr_intlibspace.o(.text)
    _printf_int_common                       0x080005c5   Thumb Code   178  _printf_intcommon.o(.text)
    __lib_sel_fp_printf                      0x08000677   Thumb Code     2  _printf_fp_dec.o(.text)
    _printf_fp_dec_real                      0x08000825   Thumb Code   620  _printf_fp_dec.o(.text)
    _printf_char_common                      0x08000a9b   Thumb Code    32  _printf_char_common.o(.text)
    _sputc                                   0x08000ac1   Thumb Code    10  _sputc.o(.text)
    strtol                                   0x08000acb   Thumb Code   112  strtol.o(.text)
    __user_libspace                          0x08000b3d   Thumb Code     8  libspace.o(.text)
    __user_perproc_libspace                  0x08000b3d   Thumb Code     0  libspace.o(.text)
    __user_perthread_libspace                0x08000b3d   Thumb Code     0  libspace.o(.text)
    __rt_ctype_table                         0x08000b45   Thumb Code    16  rt_ctype_table.o(.text)
    __rt_locale                              0x08000b55   Thumb Code     8  rt_locale_intlibspace.o(.text)
    _ll_udiv10                               0x08000b5d   Thumb Code   138  lludiv10.o(.text)
    _printf_fp_infnan                        0x08000be9   Thumb Code   112  _printf_fp_infnan.o(.text)
    _strtoul                                 0x08000c69   Thumb Code   158  _strtoul.o(.text)
    _btod_etento                             0x08000d09   Thumb Code   216  bigflt0.o(.text)
    __user_setup_stackheap                   0x08000de5   Thumb Code    74  sys_stackheap_outer.o(.text)
    _chval                                   0x08000e2f   Thumb Code    28  _chval.o(.text)
    exit                                     0x08000e4b   Thumb Code    18  exit.o(.text)
    _sys_exit                                0x08000e5d   Thumb Code     8  sys_exit.o(.text)
    __I$use$semihosting                      0x08000e69   Thumb Code     0  use_no_semi.o(.text)
    __use_no_semihosting_swi                 0x08000e69   Thumb Code     2  use_no_semi.o(.text)
    __semihosting_library_function           0x08000e6b   Thumb Code     0  indicate_semi.o(.text)
    _btod_d2e                                0x08000e6b   Thumb Code    62  btod.o(CL$$btod_d2e)
    _d2e_denorm_low                          0x08000ea9   Thumb Code    70  btod.o(CL$$btod_d2e_denorm_low)
    _d2e_norm_op1                            0x08000eef   Thumb Code    96  btod.o(CL$$btod_d2e_norm_op1)
    __btod_div_common                        0x08000f4f   Thumb Code   696  btod.o(CL$$btod_div_common)
    _e2e                                     0x08001287   Thumb Code   198  btod.o(CL$$btod_e2e)
    _btod_ediv                               0x0800134d   Thumb Code    40  btod.o(CL$$btod_ediv)
    _btod_emul                               0x08001375   Thumb Code    40  btod.o(CL$$btod_emul)
    __btod_mult_common                       0x0800139d   Thumb Code   580  btod.o(CL$$btod_mult_common)
    ADC1_2_IRQHandler                        0x080015e1   Thumb Code     6  stm32f1xx_it.o(i.ADC1_2_IRQHandler)
    ADC_ConversionStop_Disable               0x080015ed   Thumb Code    86  stm32f1xx_hal_adc.o(i.ADC_ConversionStop_Disable)
    ADC_Enable                               0x08001645   Thumb Code   114  stm32f1xx_hal_adc.o(i.ADC_Enable)
    BusFault_Handler                         0x080016c1   Thumb Code     2  stm32f1xx_it.o(i.BusFault_Handler)
    DebugMon_Handler                         0x080016c3   Thumb Code     2  stm32f1xx_it.o(i.DebugMon_Handler)
    EXTI15_10_IRQHandler                     0x080016c5   Thumb Code     8  stm32f1xx_it.o(i.EXTI15_10_IRQHandler)
    Get_Humd                                 0x080016cd   Thumb Code  1396  humd.o(i.Get_Humd)
    HAL_ADCEx_InjectedConvCpltCallback       0x08001c41   Thumb Code     2  stm32f1xx_hal_adc_ex.o(i.HAL_ADCEx_InjectedConvCpltCallback)
    HAL_ADC_ConfigChannel                    0x08001c45   Thumb Code   240  stm32f1xx_hal_adc.o(i.HAL_ADC_ConfigChannel)
    HAL_ADC_ConvCpltCallback                 0x08001d41   Thumb Code    18  main.o(i.HAL_ADC_ConvCpltCallback)
    HAL_ADC_GetValue                         0x08001d5d   Thumb Code     6  stm32f1xx_hal_adc.o(i.HAL_ADC_GetValue)
    HAL_ADC_IRQHandler                       0x08001d63   Thumb Code   220  stm32f1xx_hal_adc.o(i.HAL_ADC_IRQHandler)
    HAL_ADC_Init                             0x08001e41   Thumb Code   272  stm32f1xx_hal_adc.o(i.HAL_ADC_Init)
    HAL_ADC_LevelOutOfWindowCallback         0x08001f5d   Thumb Code     2  stm32f1xx_hal_adc.o(i.HAL_ADC_LevelOutOfWindowCallback)
    HAL_ADC_MspInit                          0x08001f61   Thumb Code    92  stm32f1xx_hal_msp.o(i.HAL_ADC_MspInit)
    HAL_ADC_Start_IT                         0x08001fc9   Thumb Code   194  stm32f1xx_hal_adc.o(i.HAL_ADC_Start_IT)
    HAL_DMA_Abort                            0x08002095   Thumb Code    70  stm32f1xx_hal_dma.o(i.HAL_DMA_Abort)
    HAL_DMA_Abort_IT                         0x080020dd   Thumb Code   148  stm32f1xx_hal_dma.o(i.HAL_DMA_Abort_IT)
    HAL_Delay                                0x08002175   Thumb Code    32  stm32f1xx_hal.o(i.HAL_Delay)
    HAL_GPIO_EXTI_Callback                   0x08002199   Thumb Code    60  main.o(i.HAL_GPIO_EXTI_Callback)
    HAL_GPIO_EXTI_IRQHandler                 0x080021e9   Thumb Code    18  stm32f1xx_hal_gpio.o(i.HAL_GPIO_EXTI_IRQHandler)
    HAL_GPIO_Init                            0x08002201   Thumb Code   446  stm32f1xx_hal_gpio.o(i.HAL_GPIO_Init)
    HAL_GPIO_WritePin                        0x080023e1   Thumb Code    10  stm32f1xx_hal_gpio.o(i.HAL_GPIO_WritePin)
    HAL_GetTick                              0x080023ed   Thumb Code     6  stm32f1xx_hal.o(i.HAL_GetTick)
    HAL_I2C_Init                             0x080023f9   Thumb Code   376  stm32f1xx_hal_i2c.o(i.HAL_I2C_Init)
    HAL_I2C_Master_Transmit                  0x08002581   Thumb Code   290  stm32f1xx_hal_i2c.o(i.HAL_I2C_Master_Transmit)
    HAL_I2C_MspInit                          0x080026ad   Thumb Code    80  stm32f1xx_hal_msp.o(i.HAL_I2C_MspInit)
    HAL_IncTick                              0x08002709   Thumb Code    12  stm32f1xx_hal.o(i.HAL_IncTick)
    HAL_Init                                 0x08002719   Thumb Code    32  stm32f1xx_hal.o(i.HAL_Init)
    HAL_InitTick                             0x0800273d   Thumb Code    54  stm32f1xx_hal.o(i.HAL_InitTick)
    HAL_MspInit                              0x0800277d   Thumb Code    38  stm32f1xx_hal_msp.o(i.HAL_MspInit)
    HAL_NVIC_EnableIRQ                       0x080027a9   Thumb Code    26  stm32f1xx_hal_cortex.o(i.HAL_NVIC_EnableIRQ)
    HAL_NVIC_SetPriority                     0x080027c5   Thumb Code    60  stm32f1xx_hal_cortex.o(i.HAL_NVIC_SetPriority)
    HAL_NVIC_SetPriorityGrouping             0x08002805   Thumb Code    26  stm32f1xx_hal_cortex.o(i.HAL_NVIC_SetPriorityGrouping)
    HAL_RCCEx_PeriphCLKConfig                0x08002829   Thumb Code   224  stm32f1xx_hal_rcc_ex.o(i.HAL_RCCEx_PeriphCLKConfig)
    HAL_RCC_ClockConfig                      0x08002915   Thumb Code   280  stm32f1xx_hal_rcc.o(i.HAL_RCC_ClockConfig)
    HAL_RCC_GetPCLK1Freq                     0x08002a41   Thumb Code    20  stm32f1xx_hal_rcc.o(i.HAL_RCC_GetPCLK1Freq)
    HAL_RCC_GetPCLK2Freq                     0x08002a61   Thumb Code    20  stm32f1xx_hal_rcc.o(i.HAL_RCC_GetPCLK2Freq)
    HAL_RCC_GetSysClockFreq                  0x08002a81   Thumb Code    58  stm32f1xx_hal_rcc.o(i.HAL_RCC_GetSysClockFreq)
    HAL_RCC_OscConfig                        0x08002acd   Thumb Code   778  stm32f1xx_hal_rcc.o(i.HAL_RCC_OscConfig)
    HAL_SYSTICK_Config                       0x08002ded   Thumb Code    40  stm32f1xx_hal_cortex.o(i.HAL_SYSTICK_Config)
    HAL_TIMEx_BreakCallback                  0x08002e15   Thumb Code     2  stm32f1xx_hal_tim_ex.o(i.HAL_TIMEx_BreakCallback)
    HAL_TIMEx_CommutCallback                 0x08002e17   Thumb Code     2  stm32f1xx_hal_tim_ex.o(i.HAL_TIMEx_CommutCallback)
    HAL_TIMEx_MasterConfigSynchronization    0x08002e19   Thumb Code    92  stm32f1xx_hal_tim_ex.o(i.HAL_TIMEx_MasterConfigSynchronization)
    HAL_TIM_Base_Init                        0x08002e81   Thumb Code    90  stm32f1xx_hal_tim.o(i.HAL_TIM_Base_Init)
    HAL_TIM_Base_MspInit                     0x08002edd   Thumb Code   130  stm32f1xx_hal_msp.o(i.HAL_TIM_Base_MspInit)
    HAL_TIM_Base_Start                       0x08002f71   Thumb Code    66  stm32f1xx_hal_tim.o(i.HAL_TIM_Base_Start)
    HAL_TIM_Base_Start_IT                    0x08002fc1   Thumb Code    76  stm32f1xx_hal_tim.o(i.HAL_TIM_Base_Start_IT)
    HAL_TIM_ConfigClockSource                0x08003019   Thumb Code   220  stm32f1xx_hal_tim.o(i.HAL_TIM_ConfigClockSource)
    HAL_TIM_IC_CaptureCallback               0x080030f5   Thumb Code     2  stm32f1xx_hal_tim.o(i.HAL_TIM_IC_CaptureCallback)
    HAL_TIM_IRQHandler                       0x080030f7   Thumb Code   358  stm32f1xx_hal_tim.o(i.HAL_TIM_IRQHandler)
    HAL_TIM_OC_DelayElapsedCallback          0x0800325d   Thumb Code     2  stm32f1xx_hal_tim.o(i.HAL_TIM_OC_DelayElapsedCallback)
    HAL_TIM_PWM_PulseFinishedCallback        0x0800325f   Thumb Code     2  stm32f1xx_hal_tim.o(i.HAL_TIM_PWM_PulseFinishedCallback)
    HAL_TIM_PeriodElapsedCallback            0x08003261   Thumb Code    88  main.o(i.HAL_TIM_PeriodElapsedCallback)
    HAL_TIM_TriggerCallback                  0x080032cd   Thumb Code     2  stm32f1xx_hal_tim.o(i.HAL_TIM_TriggerCallback)
    HAL_UARTEx_RxEventCallback               0x080032cf   Thumb Code     2  stm32f1xx_hal_uart.o(i.HAL_UARTEx_RxEventCallback)
    HAL_UART_ErrorCallback                   0x080032d1   Thumb Code     2  stm32f1xx_hal_uart.o(i.HAL_UART_ErrorCallback)
    HAL_UART_IRQHandler                      0x080032d5   Thumb Code   616  stm32f1xx_hal_uart.o(i.HAL_UART_IRQHandler)
    HAL_UART_Init                            0x08003541   Thumb Code   100  stm32f1xx_hal_uart.o(i.HAL_UART_Init)
    HAL_UART_MspInit                         0x080035a5   Thumb Code   114  stm32f1xx_hal_msp.o(i.HAL_UART_MspInit)
    HAL_UART_Receive_IT                      0x08003625   Thumb Code    28  stm32f1xx_hal_uart.o(i.HAL_UART_Receive_IT)
    HAL_UART_RxCpltCallback                  0x08003641   Thumb Code   174  main.o(i.HAL_UART_RxCpltCallback)
    HAL_UART_Transmit                        0x08003701   Thumb Code   154  stm32f1xx_hal_uart.o(i.HAL_UART_Transmit)
    HAL_UART_TxCpltCallback                  0x0800379b   Thumb Code     2  stm32f1xx_hal_uart.o(i.HAL_UART_TxCpltCallback)
    HardFault_Handler                        0x0800379d   Thumb Code     2  stm32f1xx_it.o(i.HardFault_Handler)
    LCD_I2C_Init                             0x08003a63   Thumb Code   102  lcd_i2c.o(i.LCD_I2C_Init)
    LCD_I2C_Set_Cursor                       0x08003ac9   Thumb Code    20  lcd_i2c.o(i.LCD_I2C_Set_Cursor)
    LCD_I2C_WRITE_DATA                       0x08003add   Thumb Code    60  lcd_i2c.o(i.LCD_I2C_WRITE_DATA)
    LCD_I2C_WRITE_NUMBER                     0x08003b1d   Thumb Code    20  lcd_i2c.o(i.LCD_I2C_WRITE_NUMBER)
    LCD_I2C_WRITE_Num_f                      0x08003b35   Thumb Code    22  lcd_i2c.o(i.LCD_I2C_WRITE_Num_f)
    LCD_I2C_Write_CMD                        0x08003b55   Thumb Code    60  lcd_i2c.o(i.LCD_I2C_Write_CMD)
    LCD_I2C_Write_String                     0x08003b95   Thumb Code    30  lcd_i2c.o(i.LCD_I2C_Write_String)
    MemManage_Handler                        0x08003e79   Thumb Code     2  stm32f1xx_it.o(i.MemManage_Handler)
    NMI_Handler                              0x08003e7b   Thumb Code     2  stm32f1xx_it.o(i.NMI_Handler)
    PendSV_Handler                           0x08003e7d   Thumb Code     2  stm32f1xx_it.o(i.PendSV_Handler)
    Pop_Queue                                0x08003e7f   Thumb Code    52  queue.o(i.Pop_Queue)
    Push_Queue                               0x08003eb3   Thumb Code    70  queue.o(i.Push_Queue)
    SVC_Handler                              0x08003ef9   Thumb Code     2  stm32f1xx_it.o(i.SVC_Handler)
    Sizeof_Queue_Current                     0x08003efb   Thumb Code    34  queue.o(i.Sizeof_Queue_Current)
    SysTick_Handler                          0x08003f1d   Thumb Code     4  stm32f1xx_it.o(i.SysTick_Handler)
    SystemClock_Config                       0x08003f21   Thumb Code   120  main.o(i.SystemClock_Config)
    SystemInit                               0x08003f99   Thumb Code     2  system_stm32f1xx.o(i.SystemInit)
    TIM2_IRQHandler                          0x08003f9d   Thumb Code     6  stm32f1xx_it.o(i.TIM2_IRQHandler)
    TIM3_IRQHandler                          0x08003fa9   Thumb Code     6  stm32f1xx_it.o(i.TIM3_IRQHandler)
    TIM_Base_SetConfig                       0x08003fb5   Thumb Code    94  stm32f1xx_hal_tim.o(i.TIM_Base_SetConfig)
    TIM_ETR_SetConfig                        0x08004021   Thumb Code    20  stm32f1xx_hal_tim.o(i.TIM_ETR_SetConfig)
    Task_Humd                                0x0800408d   Thumb Code    96  main.o(i.Task_Humd)
    Task_LCD                                 0x080040fd   Thumb Code   126  main.o(i.Task_LCD)
    Task_Temp                                0x08004199   Thumb Code   162  main.o(i.Task_Temp)
    Task_UART                                0x08004251   Thumb Code   344  main.o(i.Task_UART)
    UART_Start_Receive_IT                    0x080045d5   Thumb Code    54  stm32f1xx_hal_uart.o(i.UART_Start_Receive_IT)
    USART2_IRQHandler                        0x08004685   Thumb Code     6  stm32f1xx_it.o(i.USART2_IRQHandler)
    UsageFault_Handler                       0x08004691   Thumb Code     2  stm32f1xx_it.o(i.UsageFault_Handler)
    __ARM_fpclassify                         0x08004693   Thumb Code    40  fpclassify.o(i.__ARM_fpclassify)
    _is_digit                                0x080046db   Thumb Code    14  __printf_wp.o(i._is_digit)
    main                                     0x080046e9   Thumb Code   184  main.o(i.main)
    temp_convert                             0x080047b9   Thumb Code    36  temp.o(i.temp_convert)
    _get_lc_numeric                          0x080047ed   Thumb Code    44  lc_numeric_c.o(locale$$code)
    _get_lc_ctype                            0x08004819   Thumb Code    44  lc_ctype_c.o(locale$$code)
    __fpl_dcmp_Inf                           0x08004845   Thumb Code    24  dcmpi.o(x$fpl$dcmpinf)
    __aeabi_ddiv                             0x0800485d   Thumb Code     0  ddiv.o(x$fpl$ddiv)
    _ddiv                                    0x0800485d   Thumb Code   552  ddiv.o(x$fpl$ddiv)
    __aeabi_cdcmpeq                          0x08004b0d   Thumb Code     0  deqf.o(x$fpl$deqf)
    _dcmpeq                                  0x08004b0d   Thumb Code   120  deqf.o(x$fpl$deqf)
    __aeabi_d2uiz                            0x08004b85   Thumb Code     0  dfixu.o(x$fpl$dfixu)
    _dfixu                                   0x08004b85   Thumb Code    90  dfixu.o(x$fpl$dfixu)
    __aeabi_ui2d                             0x08004bdf   Thumb Code     0  dflt_clz.o(x$fpl$dfltu)
    _dfltu                                   0x08004bdf   Thumb Code    38  dflt_clz.o(x$fpl$dfltu)
    __aeabi_dmul                             0x08004c05   Thumb Code     0  dmul.o(x$fpl$dmul)
    _dmul                                    0x08004c05   Thumb Code   332  dmul.o(x$fpl$dmul)
    __fpl_dnaninf                            0x08004d59   Thumb Code   156  dnaninf.o(x$fpl$dnaninf)
    __fpl_dretinf                            0x08004df5   Thumb Code    12  dretinf.o(x$fpl$dretinf)
    _printf_fp_dec                           0x08004e01   Thumb Code     4  printf1.o(x$fpl$printf1)
    __I$use$fp                               0x08004e04   Number         0  usenofp.o(x$fpl$usenofp)
    AHBPrescTable                            0x08004e16   Data          16  system_stm32f1xx.o(.constdata)
    APBPrescTable                            0x08004e26   Data           8  system_stm32f1xx.o(.constdata)
    Region$$Table$$Base                      0x08004ec4   Number         0  anon$$obj.o(Region$$Table)
    Region$$Table$$Limit                     0x08004ee4   Number         0  anon$$obj.o(Region$$Table)
    __ctype                                  0x08004f0d   Data           0  lc_ctype_c.o(locale$$data)
    Mode                                     0x20000000   Data           1  main.o(.data)
    flag_ADC                                 0x20000001   Data           1  main.o(.data)
    ucRxFlag                                 0x20000002   Data           1  main.o(.data)
    ucRxCnt                                  0x20000003   Data           1  main.o(.data)
    period                                   0x20000005   Data           1  main.o(.data)
    ucRxData                                 0x20000006   Data           1  main.o(.data)
    frequency                                0x20000008   Data           2  main.o(.data)
    Humd1                                    0x2000000a   Data           2  main.o(.data)
    humd                                     0x2000000c   Data           2  main.o(.data)
    frequency1                               0x2000000e   Data           2  main.o(.data)
    check                                    0x20000018   Data           4  main.o(.data)
    check10                                  0x2000001c   Data           4  main.o(.data)
    check3                                   0x20000020   Data           4  main.o(.data)
    ucRxBuffer                               0x20000024   Data           6  main.o(.data)
    uwTickFreq                               0x20000038   Data           1  stm32f1xx_hal.o(.data)
    uwTickPrio                               0x2000003c   Data           4  stm32f1xx_hal.o(.data)
    uwTick                                   0x20000040   Data           4  stm32f1xx_hal.o(.data)
    SystemCoreClock                          0x20000044   Data           4  system_stm32f1xx.o(.data)
    xQueue                                   0x20000048   Data         160  main.o(.bss)
    hadc1                                    0x200000e8   Data          48  main.o(.bss)
    hi2c1                                    0x20000118   Data          84  main.o(.bss)
    htim1                                    0x2000016c   Data          72  main.o(.bss)
    htim2                                    0x200001b4   Data          72  main.o(.bss)
    htim3                                    0x200001fc   Data          72  main.o(.bss)
    htim4                                    0x20000244   Data          72  main.o(.bss)
    huart2                                   0x2000028c   Data          72  main.o(.bss)
    __libspace_start                         0x200002d4   Data          96  libspace.o(.bss)
    __temporary_stack_top$libspace           0x20000334   Data           0  libspace.o(.bss)



==============================================================================

Memory Map of the image

  Image Entry point : 0x080000ed

  Load Region LR_IROM1 (Base: 0x08000000, Size: 0x00005058, Max: 0x00010000, ABSOLUTE)

    Execution Region ER_IROM1 (Base: 0x08000000, Size: 0x00005010, Max: 0x00010000, ABSOLUTE)

    Base Addr    Size         Type   Attr      Idx    E Section Name        Object

    0x08000000   0x000000ec   Data   RO            3    RESET               startup_stm32f103xb.o
    0x080000ec   0x00000008   Code   RO         3736  * !!!main             c_w.l(__main.o)
    0x080000f4   0x00000034   Code   RO         3988    !!!scatter          c_w.l(__scatter.o)
    0x08000128   0x0000001a   Code   RO         3990    !!handler_copy      c_w.l(__scatter_copy.o)
    0x08000142   0x00000002   PAD
    0x08000144   0x0000001c   Code   RO         3992    !!handler_zi        c_w.l(__scatter_zi.o)
    0x08000160   0x00000000   Code   RO         3723    .ARM.Collect$$_printf_percent$$00000000  c_w.l(_printf_percent.o)
    0x08000160   0x00000006   Code   RO         3722    .ARM.Collect$$_printf_percent$$00000003  c_w.l(_printf_f.o)
    0x08000166   0x00000006   Code   RO         3721    .ARM.Collect$$_printf_percent$$00000009  c_w.l(_printf_d.o)
    0x0800016c   0x00000004   Code   RO         3772    .ARM.Collect$$_printf_percent$$00000017  c_w.l(_printf_percent_end.o)
    0x08000170   0x00000002   Code   RO         3861    .ARM.Collect$$libinit$$00000000  c_w.l(libinit.o)
    0x08000172   0x00000000   Code   RO         3863    .ARM.Collect$$libinit$$00000002  c_w.l(libinit2.o)
    0x08000172   0x00000000   Code   RO         3865    .ARM.Collect$$libinit$$00000004  c_w.l(libinit2.o)
    0x08000172   0x00000000   Code   RO         3868    .ARM.Collect$$libinit$$0000000A  c_w.l(libinit2.o)
    0x08000172   0x00000000   Code   RO         3870    .ARM.Collect$$libinit$$0000000C  c_w.l(libinit2.o)
    0x08000172   0x00000000   Code   RO         3872    .ARM.Collect$$libinit$$0000000E  c_w.l(libinit2.o)
    0x08000172   0x00000006   Code   RO         3873    .ARM.Collect$$libinit$$0000000F  c_w.l(libinit2.o)
    0x08000178   0x00000000   Code   RO         3875    .ARM.Collect$$libinit$$00000011  c_w.l(libinit2.o)
    0x08000178   0x0000000c   Code   RO         3876    .ARM.Collect$$libinit$$00000012  c_w.l(libinit2.o)
    0x08000184   0x00000000   Code   RO         3877    .ARM.Collect$$libinit$$00000013  c_w.l(libinit2.o)
    0x08000184   0x00000000   Code   RO         3879    .ARM.Collect$$libinit$$00000015  c_w.l(libinit2.o)
    0x08000184   0x0000000a   Code   RO         3880    .ARM.Collect$$libinit$$00000016  c_w.l(libinit2.o)
    0x0800018e   0x00000000   Code   RO         3881    .ARM.Collect$$libinit$$00000017  c_w.l(libinit2.o)
    0x0800018e   0x00000000   Code   RO         3883    .ARM.Collect$$libinit$$00000019  c_w.l(libinit2.o)
    0x0800018e   0x00000000   Code   RO         3885    .ARM.Collect$$libinit$$0000001B  c_w.l(libinit2.o)
    0x0800018e   0x00000000   Code   RO         3887    .ARM.Collect$$libinit$$0000001D  c_w.l(libinit2.o)
    0x0800018e   0x00000000   Code   RO         3889    .ARM.Collect$$libinit$$0000001F  c_w.l(libinit2.o)
    0x0800018e   0x00000000   Code   RO         3891    .ARM.Collect$$libinit$$00000021  c_w.l(libinit2.o)
    0x0800018e   0x00000000   Code   RO         3893    .ARM.Collect$$libinit$$00000023  c_w.l(libinit2.o)
    0x0800018e   0x00000000   Code   RO         3895    .ARM.Collect$$libinit$$00000025  c_w.l(libinit2.o)
    0x0800018e   0x00000000   Code   RO         3899    .ARM.Collect$$libinit$$0000002C  c_w.l(libinit2.o)
    0x0800018e   0x00000000   Code   RO         3901    .ARM.Collect$$libinit$$0000002E  c_w.l(libinit2.o)
    0x0800018e   0x00000000   Code   RO         3903    .ARM.Collect$$libinit$$00000030  c_w.l(libinit2.o)
    0x0800018e   0x00000000   Code   RO         3905    .ARM.Collect$$libinit$$00000032  c_w.l(libinit2.o)
    0x0800018e   0x00000002   Code   RO         3906    .ARM.Collect$$libinit$$00000033  c_w.l(libinit2.o)
    0x08000190   0x00000002   Code   RO         3936    .ARM.Collect$$libshutdown$$00000000  c_w.l(libshutdown.o)
    0x08000192   0x00000000   Code   RO         3947    .ARM.Collect$$libshutdown$$00000002  c_w.l(libshutdown2.o)
    0x08000192   0x00000000   Code   RO         3949    .ARM.Collect$$libshutdown$$00000004  c_w.l(libshutdown2.o)
    0x08000192   0x00000000   Code   RO         3952    .ARM.Collect$$libshutdown$$00000007  c_w.l(libshutdown2.o)
    0x08000192   0x00000000   Code   RO         3955    .ARM.Collect$$libshutdown$$0000000A  c_w.l(libshutdown2.o)
    0x08000192   0x00000000   Code   RO         3957    .ARM.Collect$$libshutdown$$0000000C  c_w.l(libshutdown2.o)
    0x08000192   0x00000000   Code   RO         3960    .ARM.Collect$$libshutdown$$0000000F  c_w.l(libshutdown2.o)
    0x08000192   0x00000002   Code   RO         3961    .ARM.Collect$$libshutdown$$00000010  c_w.l(libshutdown2.o)
    0x08000194   0x00000000   Code   RO         3758    .ARM.Collect$$rtentry$$00000000  c_w.l(__rtentry.o)
    0x08000194   0x00000000   Code   RO         3786    .ARM.Collect$$rtentry$$00000002  c_w.l(__rtentry2.o)
    0x08000194   0x00000006   Code   RO         3798    .ARM.Collect$$rtentry$$00000004  c_w.l(__rtentry4.o)
    0x0800019a   0x00000000   Code   RO         3788    .ARM.Collect$$rtentry$$00000009  c_w.l(__rtentry2.o)
    0x0800019a   0x00000004   Code   RO         3789    .ARM.Collect$$rtentry$$0000000A  c_w.l(__rtentry2.o)
    0x0800019e   0x00000000   Code   RO         3791    .ARM.Collect$$rtentry$$0000000C  c_w.l(__rtentry2.o)
    0x0800019e   0x00000008   Code   RO         3792    .ARM.Collect$$rtentry$$0000000D  c_w.l(__rtentry2.o)
    0x080001a6   0x00000002   Code   RO         3907    .ARM.Collect$$rtexit$$00000000  c_w.l(rtexit.o)
    0x080001a8   0x00000000   Code   RO         3914    .ARM.Collect$$rtexit$$00000002  c_w.l(rtexit2.o)
    0x080001a8   0x00000004   Code   RO         3915    .ARM.Collect$$rtexit$$00000003  c_w.l(rtexit2.o)
    0x080001ac   0x00000006   Code   RO         3916    .ARM.Collect$$rtexit$$00000004  c_w.l(rtexit2.o)
    0x080001b2   0x00000002   PAD
    0x080001b4   0x00000040   Code   RO            4    .text               startup_stm32f103xb.o
    0x080001f4   0x00000028   Code   RO         3693    .text               c_w.l(noretval__2sprintf.o)
    0x0800021c   0x0000004e   Code   RO         3697    .text               c_w.l(_printf_pad.o)
    0x0800026a   0x00000002   PAD
    0x0800026c   0x00000078   Code   RO         3699    .text               c_w.l(_printf_dec.o)
    0x080002e4   0x00000160   Code   RO         3716    .text               c_w.l(__printf_ss_wp.o)
    0x08000444   0x0000001a   Code   RO         3724    .text               c_w.l(atoi.o)
    0x0800045e   0x00000048   Code   RO         3726    .text               c_w.l(strcpy.o)
    0x080004a6   0x0000003e   Code   RO         3728    .text               c_w.l(strlen.o)
    0x080004e4   0x0000004e   Code   RO         3730    .text               c_w.l(rt_memclr_w.o)
    0x08000532   0x00000002   PAD
    0x08000534   0x00000080   Code   RO         3732    .text               c_w.l(strcmpv7m.o)
    0x080005b4   0x00000006   Code   RO         3734    .text               c_w.l(heapauxi.o)
    0x080005ba   0x00000002   PAD
    0x080005bc   0x00000008   Code   RO         3762    .text               c_w.l(rt_errno_addr_intlibspace.o)
    0x080005c4   0x000000b2   Code   RO         3764    .text               c_w.l(_printf_intcommon.o)
    0x08000676   0x0000041a   Code   RO         3766    .text               c_w.l(_printf_fp_dec.o)
    0x08000a90   0x00000030   Code   RO         3768    .text               c_w.l(_printf_char_common.o)
    0x08000ac0   0x0000000a   Code   RO         3770    .text               c_w.l(_sputc.o)
    0x08000aca   0x00000070   Code   RO         3773    .text               c_w.l(strtol.o)
    0x08000b3a   0x00000002   PAD
    0x08000b3c   0x00000008   Code   RO         3782    .text               c_w.l(libspace.o)
    0x08000b44   0x00000010   Code   RO         3800    .text               c_w.l(rt_ctype_table.o)
    0x08000b54   0x00000008   Code   RO         3805    .text               c_w.l(rt_locale_intlibspace.o)
    0x08000b5c   0x0000008a   Code   RO         3807    .text               c_w.l(lludiv10.o)
    0x08000be6   0x00000002   PAD
    0x08000be8   0x00000080   Code   RO         3809    .text               c_w.l(_printf_fp_infnan.o)
    0x08000c68   0x0000009e   Code   RO         3813    .text               c_w.l(_strtoul.o)
    0x08000d06   0x00000002   PAD
    0x08000d08   0x000000dc   Code   RO         3815    .text               c_w.l(bigflt0.o)
    0x08000de4   0x0000004a   Code   RO         3847    .text               c_w.l(sys_stackheap_outer.o)
    0x08000e2e   0x0000001c   Code   RO         3849    .text               c_w.l(_chval.o)
    0x08000e4a   0x00000012   Code   RO         3854    .text               c_w.l(exit.o)
    0x08000e5c   0x0000000c   Code   RO         3926    .text               c_w.l(sys_exit.o)
    0x08000e68   0x00000002   Code   RO         3937    .text               c_w.l(use_no_semi.o)
    0x08000e6a   0x00000000   Code   RO         3939    .text               c_w.l(indicate_semi.o)
    0x08000e6a   0x0000003e   Code   RO         3818    CL$$btod_d2e        c_w.l(btod.o)
    0x08000ea8   0x00000046   Code   RO         3820    CL$$btod_d2e_denorm_low  c_w.l(btod.o)
    0x08000eee   0x00000060   Code   RO         3819    CL$$btod_d2e_norm_op1  c_w.l(btod.o)
    0x08000f4e   0x00000338   Code   RO         3828    CL$$btod_div_common  c_w.l(btod.o)
    0x08001286   0x000000c6   Code   RO         3825    CL$$btod_e2e        c_w.l(btod.o)
    0x0800134c   0x00000028   Code   RO         3822    CL$$btod_ediv       c_w.l(btod.o)
    0x08001374   0x00000028   Code   RO         3821    CL$$btod_emul       c_w.l(btod.o)
    0x0800139c   0x00000244   Code   RO         3827    CL$$btod_mult_common  c_w.l(btod.o)
    0x080015e0   0x0000000c   Code   RO          412    i.ADC1_2_IRQHandler  stm32f1xx_it.o
    0x080015ec   0x00000056   Code   RO          626    i.ADC_ConversionStop_Disable  stm32f1xx_hal_adc.o
    0x08001642   0x00000002   PAD
    0x08001644   0x0000007c   Code   RO          630    i.ADC_Enable        stm32f1xx_hal_adc.o
    0x080016c0   0x00000002   Code   RO          413    i.BusFault_Handler  stm32f1xx_it.o
    0x080016c2   0x00000002   Code   RO          414    i.DebugMon_Handler  stm32f1xx_it.o
    0x080016c4   0x00000008   Code   RO          415    i.EXTI15_10_IRQHandler  stm32f1xx_it.o
    0x080016cc   0x00000574   Code   RO           13    i.Get_Humd          humd.o
    0x08001c40   0x00000002   Code   RO          808    i.HAL_ADCEx_InjectedConvCpltCallback  stm32f1xx_hal_adc_ex.o
    0x08001c42   0x00000002   PAD
    0x08001c44   0x000000fc   Code   RO          632    i.HAL_ADC_ConfigChannel  stm32f1xx_hal_adc.o
    0x08001d40   0x0000001c   Code   RO          284    i.HAL_ADC_ConvCpltCallback  main.o
    0x08001d5c   0x00000006   Code   RO          639    i.HAL_ADC_GetValue  stm32f1xx_hal_adc.o
    0x08001d62   0x000000dc   Code   RO          640    i.HAL_ADC_IRQHandler  stm32f1xx_hal_adc.o
    0x08001e3e   0x00000002   PAD
    0x08001e40   0x0000011c   Code   RO          641    i.HAL_ADC_Init      stm32f1xx_hal_adc.o
    0x08001f5c   0x00000002   Code   RO          642    i.HAL_ADC_LevelOutOfWindowCallback  stm32f1xx_hal_adc.o
    0x08001f5e   0x00000002   PAD
    0x08001f60   0x00000068   Code   RO          519    i.HAL_ADC_MspInit   stm32f1xx_hal_msp.o
    0x08001fc8   0x000000cc   Code   RO          649    i.HAL_ADC_Start_IT  stm32f1xx_hal_adc.o
    0x08002094   0x00000046   Code   RO         1283    i.HAL_DMA_Abort     stm32f1xx_hal_dma.o
    0x080020da   0x00000002   PAD
    0x080020dc   0x00000098   Code   RO         1284    i.HAL_DMA_Abort_IT  stm32f1xx_hal_dma.o
    0x08002174   0x00000024   Code   RO          909    i.HAL_Delay         stm32f1xx_hal.o
    0x08002198   0x00000050   Code   RO          285    i.HAL_GPIO_EXTI_Callback  main.o
    0x080021e8   0x00000018   Code   RO         1218    i.HAL_GPIO_EXTI_IRQHandler  stm32f1xx_hal_gpio.o
    0x08002200   0x000001e0   Code   RO         1219    i.HAL_GPIO_Init     stm32f1xx_hal_gpio.o
    0x080023e0   0x0000000a   Code   RO         1223    i.HAL_GPIO_WritePin  stm32f1xx_hal_gpio.o
    0x080023ea   0x00000002   PAD
    0x080023ec   0x0000000c   Code   RO          913    i.HAL_GetTick       stm32f1xx_hal.o
    0x080023f8   0x00000188   Code   RO         1890    i.HAL_I2C_Init      stm32f1xx_hal_i2c.o
    0x08002580   0x0000012c   Code   RO         1903    i.HAL_I2C_Master_Transmit  stm32f1xx_hal_i2c.o
    0x080026ac   0x0000005c   Code   RO          521    i.HAL_I2C_MspInit   stm32f1xx_hal_msp.o
    0x08002708   0x00000010   Code   RO          919    i.HAL_IncTick       stm32f1xx_hal.o
    0x08002718   0x00000024   Code   RO          920    i.HAL_Init          stm32f1xx_hal.o
    0x0800273c   0x00000040   Code   RO          921    i.HAL_InitTick      stm32f1xx_hal.o
    0x0800277c   0x0000002c   Code   RO          522    i.HAL_MspInit       stm32f1xx_hal_msp.o
    0x080027a8   0x0000001a   Code   RO         1379    i.HAL_NVIC_EnableIRQ  stm32f1xx_hal_cortex.o
    0x080027c2   0x00000002   PAD
    0x080027c4   0x00000040   Code   RO         1385    i.HAL_NVIC_SetPriority  stm32f1xx_hal_cortex.o
    0x08002804   0x00000024   Code   RO         1386    i.HAL_NVIC_SetPriorityGrouping  stm32f1xx_hal_cortex.o
    0x08002828   0x000000ec   Code   RO         1181    i.HAL_RCCEx_PeriphCLKConfig  stm32f1xx_hal_rcc_ex.o
    0x08002914   0x0000012c   Code   RO         1077    i.HAL_RCC_ClockConfig  stm32f1xx_hal_rcc.o
    0x08002a40   0x00000020   Code   RO         1084    i.HAL_RCC_GetPCLK1Freq  stm32f1xx_hal_rcc.o
    0x08002a60   0x00000020   Code   RO         1085    i.HAL_RCC_GetPCLK2Freq  stm32f1xx_hal_rcc.o
    0x08002a80   0x0000004c   Code   RO         1086    i.HAL_RCC_GetSysClockFreq  stm32f1xx_hal_rcc.o
    0x08002acc   0x00000320   Code   RO         1089    i.HAL_RCC_OscConfig  stm32f1xx_hal_rcc.o
    0x08002dec   0x00000028   Code   RO         1390    i.HAL_SYSTICK_Config  stm32f1xx_hal_cortex.o
    0x08002e14   0x00000002   Code   RO         3022    i.HAL_TIMEx_BreakCallback  stm32f1xx_hal_tim_ex.o
    0x08002e16   0x00000002   Code   RO         3023    i.HAL_TIMEx_CommutCallback  stm32f1xx_hal_tim_ex.o
    0x08002e18   0x00000068   Code   RO         3041    i.HAL_TIMEx_MasterConfigSynchronization  stm32f1xx_hal_tim_ex.o
    0x08002e80   0x0000005a   Code   RO         2318    i.HAL_TIM_Base_Init  stm32f1xx_hal_tim.o
    0x08002eda   0x00000002   PAD
    0x08002edc   0x00000094   Code   RO          524    i.HAL_TIM_Base_MspInit  stm32f1xx_hal_msp.o
    0x08002f70   0x00000050   Code   RO         2321    i.HAL_TIM_Base_Start  stm32f1xx_hal_tim.o
    0x08002fc0   0x00000058   Code   RO         2323    i.HAL_TIM_Base_Start_IT  stm32f1xx_hal_tim.o
    0x08003018   0x000000dc   Code   RO         2327    i.HAL_TIM_ConfigClockSource  stm32f1xx_hal_tim.o
    0x080030f4   0x00000002   Code   RO         2352    i.HAL_TIM_IC_CaptureCallback  stm32f1xx_hal_tim.o
    0x080030f6   0x00000166   Code   RO         2366    i.HAL_TIM_IRQHandler  stm32f1xx_hal_tim.o
    0x0800325c   0x00000002   Code   RO         2369    i.HAL_TIM_OC_DelayElapsedCallback  stm32f1xx_hal_tim.o
    0x0800325e   0x00000002   Code   RO         2396    i.HAL_TIM_PWM_PulseFinishedCallback  stm32f1xx_hal_tim.o
    0x08003260   0x0000006c   Code   RO          286    i.HAL_TIM_PeriodElapsedCallback  main.o
    0x080032cc   0x00000002   Code   RO         2409    i.HAL_TIM_TriggerCallback  stm32f1xx_hal_tim.o
    0x080032ce   0x00000002   Code   RO         3301    i.HAL_UARTEx_RxEventCallback  stm32f1xx_hal_uart.o
    0x080032d0   0x00000002   Code   RO         3315    i.HAL_UART_ErrorCallback  stm32f1xx_hal_uart.o
    0x080032d2   0x00000002   PAD
    0x080032d4   0x0000026c   Code   RO         3318    i.HAL_UART_IRQHandler  stm32f1xx_hal_uart.o
    0x08003540   0x00000064   Code   RO         3319    i.HAL_UART_Init     stm32f1xx_hal_uart.o
    0x080035a4   0x00000080   Code   RO          526    i.HAL_UART_MspInit  stm32f1xx_hal_msp.o
    0x08003624   0x0000001c   Code   RO         3324    i.HAL_UART_Receive_IT  stm32f1xx_hal_uart.o
    0x08003640   0x000000c0   Code   RO          287    i.HAL_UART_RxCpltCallback  main.o
    0x08003700   0x0000009a   Code   RO         3327    i.HAL_UART_Transmit  stm32f1xx_hal_uart.o
    0x0800379a   0x00000002   Code   RO         3330    i.HAL_UART_TxCpltCallback  stm32f1xx_hal_uart.o
    0x0800379c   0x00000002   Code   RO          416    i.HardFault_Handler  stm32f1xx_it.o
    0x0800379e   0x0000002e   Code   RO         1933    i.I2C_IsAcknowledgeFailed  stm32f1xx_hal_i2c.o
    0x080037cc   0x0000009c   Code   RO         1937    i.I2C_MasterRequestWrite  stm32f1xx_hal_i2c.o
    0x08003868   0x00000056   Code   RO         1948    i.I2C_WaitOnBTFFlagUntilTimeout  stm32f1xx_hal_i2c.o
    0x080038be   0x00000002   PAD
    0x080038c0   0x00000090   Code   RO         1949    i.I2C_WaitOnFlagUntilTimeout  stm32f1xx_hal_i2c.o
    0x08003950   0x000000bc   Code   RO         1950    i.I2C_WaitOnMasterAddressFlagUntilTimeout  stm32f1xx_hal_i2c.o
    0x08003a0c   0x00000056   Code   RO         1952    i.I2C_WaitOnTXEFlagUntilTimeout  stm32f1xx_hal_i2c.o
    0x08003a62   0x00000066   Code   RO          142    i.LCD_I2C_Init      lcd_i2c.o
    0x08003ac8   0x00000014   Code   RO          143    i.LCD_I2C_Set_Cursor  lcd_i2c.o
    0x08003adc   0x00000040   Code   RO          144    i.LCD_I2C_WRITE_DATA  lcd_i2c.o
    0x08003b1c   0x00000018   Code   RO          145    i.LCD_I2C_WRITE_NUMBER  lcd_i2c.o
    0x08003b34   0x00000020   Code   RO          146    i.LCD_I2C_WRITE_Num_f  lcd_i2c.o
    0x08003b54   0x00000040   Code   RO          147    i.LCD_I2C_Write_CMD  lcd_i2c.o
    0x08003b94   0x0000001e   Code   RO          148    i.LCD_I2C_Write_String  lcd_i2c.o
    0x08003bb2   0x00000002   PAD
    0x08003bb4   0x00000050   Code   RO          288    i.MX_ADC1_Init      main.o
    0x08003c04   0x000000d0   Code   RO          289    i.MX_GPIO_Init      main.o
    0x08003cd4   0x0000006c   Code   RO          290    i.MX_TIM1_Init      main.o
    0x08003d40   0x00000068   Code   RO          291    i.MX_TIM2_Init      main.o
    0x08003da8   0x00000068   Code   RO          292    i.MX_TIM3_Init      main.o
    0x08003e10   0x00000068   Code   RO          293    i.MX_TIM4_Init      main.o
    0x08003e78   0x00000002   Code   RO          417    i.MemManage_Handler  stm32f1xx_it.o
    0x08003e7a   0x00000002   Code   RO          418    i.NMI_Handler       stm32f1xx_it.o
    0x08003e7c   0x00000002   Code   RO          419    i.PendSV_Handler    stm32f1xx_it.o
    0x08003e7e   0x00000034   Code   RO          241    i.Pop_Queue         queue.o
    0x08003eb2   0x00000046   Code   RO          242    i.Push_Queue        queue.o
    0x08003ef8   0x00000002   Code   RO          420    i.SVC_Handler       stm32f1xx_it.o
    0x08003efa   0x00000022   Code   RO          243    i.Sizeof_Queue_Current  queue.o
    0x08003f1c   0x00000004   Code   RO          421    i.SysTick_Handler   stm32f1xx_it.o
    0x08003f20   0x00000078   Code   RO          294    i.SystemClock_Config  main.o
    0x08003f98   0x00000002   Code   RO         3653    i.SystemInit        system_stm32f1xx.o
    0x08003f9a   0x00000002   PAD
    0x08003f9c   0x0000000c   Code   RO          422    i.TIM2_IRQHandler   stm32f1xx_it.o
    0x08003fa8   0x0000000c   Code   RO          423    i.TIM3_IRQHandler   stm32f1xx_it.o
    0x08003fb4   0x0000006c   Code   RO         2411    i.TIM_Base_SetConfig  stm32f1xx_hal_tim.o
    0x08004020   0x00000014   Code   RO         2422    i.TIM_ETR_SetConfig  stm32f1xx_hal_tim.o
    0x08004034   0x00000010   Code   RO         2423    i.TIM_ITRx_SetConfig  stm32f1xx_hal_tim.o
    0x08004044   0x00000022   Code   RO         2429    i.TIM_TI1_ConfigInputStage  stm32f1xx_hal_tim.o
    0x08004066   0x00000024   Code   RO         2431    i.TIM_TI2_ConfigInputStage  stm32f1xx_hal_tim.o
    0x0800408a   0x00000002   PAD
    0x0800408c   0x00000070   Code   RO          295    i.Task_Humd         main.o
    0x080040fc   0x0000009c   Code   RO          296    i.Task_LCD          main.o
    0x08004198   0x000000b8   Code   RO          297    i.Task_Temp         main.o
    0x08004250   0x000001ac   Code   RO          298    i.Task_UART         main.o
    0x080043fc   0x00000010   Code   RO         3332    i.UART_DMAAbortOnError  stm32f1xx_hal_uart.o
    0x0800440c   0x0000004e   Code   RO         3342    i.UART_EndRxTransfer  stm32f1xx_hal_uart.o
    0x0800445a   0x000000c2   Code   RO         3344    i.UART_Receive_IT   stm32f1xx_hal_uart.o
    0x0800451c   0x000000b8   Code   RO         3345    i.UART_SetConfig    stm32f1xx_hal_uart.o
    0x080045d4   0x00000036   Code   RO         3347    i.UART_Start_Receive_IT  stm32f1xx_hal_uart.o
    0x0800460a   0x00000078   Code   RO         3348    i.UART_WaitOnFlagUntilTimeout  stm32f1xx_hal_uart.o
    0x08004682   0x00000002   PAD
    0x08004684   0x0000000c   Code   RO          424    i.USART2_IRQHandler  stm32f1xx_it.o
    0x08004690   0x00000002   Code   RO          425    i.UsageFault_Handler  stm32f1xx_it.o
    0x08004692   0x00000028   Code   RO         3845    i.__ARM_fpclassify  m_ws.l(fpclassify.o)
    0x080046ba   0x00000020   Code   RO         1392    i.__NVIC_SetPriority  stm32f1xx_hal_cortex.o
    0x080046da   0x0000000e   Code   RO         3711    i._is_digit         c_w.l(__printf_wp.o)
    0x080046e8   0x000000d0   Code   RO          300    i.main              main.o
    0x080047b8   0x00000034   Code   RO          213    i.temp_convert      temp.o
    0x080047ec   0x0000002c   Code   RO         3841    locale$$code        c_w.l(lc_numeric_c.o)
    0x08004818   0x0000002c   Code   RO         3852    locale$$code        c_w.l(lc_ctype_c.o)
    0x08004844   0x00000018   Code   RO         3775    x$fpl$dcmpinf       fz_ws.l(dcmpi.o)
    0x0800485c   0x000002b0   Code   RO         3739    x$fpl$ddiv          fz_ws.l(ddiv.o)
    0x08004b0c   0x00000078   Code   RO         3742    x$fpl$deqf          fz_ws.l(deqf.o)
    0x08004b84   0x0000005a   Code   RO         3744    x$fpl$dfixu         fz_ws.l(dfixu.o)
    0x08004bde   0x00000026   Code   RO         3748    x$fpl$dfltu         fz_ws.l(dflt_clz.o)
    0x08004c04   0x00000154   Code   RO         3754    x$fpl$dmul          fz_ws.l(dmul.o)
    0x08004d58   0x0000009c   Code   RO         3777    x$fpl$dnaninf       fz_ws.l(dnaninf.o)
    0x08004df4   0x0000000c   Code   RO         3779    x$fpl$dretinf       fz_ws.l(dretinf.o)
    0x08004e00   0x00000004   Code   RO         3756    x$fpl$printf1       fz_ws.l(printf1.o)
    0x08004e04   0x00000000   Code   RO         3781    x$fpl$usenofp       fz_ws.l(usenofp.o)
    0x08004e04   0x00000012   Data   RO         1090    .constdata          stm32f1xx_hal_rcc.o
    0x08004e16   0x00000010   Data   RO         3654    .constdata          system_stm32f1xx.o
    0x08004e26   0x00000008   Data   RO         3655    .constdata          system_stm32f1xx.o
    0x08004e2e   0x00000002   PAD
    0x08004e30   0x00000094   Data   RO         3816    .constdata          c_w.l(bigflt0.o)
    0x08004ec4   0x00000020   Data   RO         3986    Region$$Table       anon$$obj.o
    0x08004ee4   0x0000001c   Data   RO         3840    locale$$data        c_w.l(lc_numeric_c.o)
    0x08004f00   0x00000110   Data   RO         3851    locale$$data        c_w.l(lc_ctype_c.o)


    Execution Region RW_IRAM1 (Base: 0x20000000, Size: 0x00000938, Max: 0x00005000, ABSOLUTE)

    Base Addr    Size         Type   Attr      Idx    E Section Name        Object

    0x20000000   0x00000038   Data   RW          302    .data               main.o
    0x20000038   0x0000000c   Data   RW          927    .data               stm32f1xx_hal.o
    0x20000044   0x00000004   Data   RW         3656    .data               system_stm32f1xx.o
    0x20000048   0x0000028c   Zero   RW          301    .bss                main.o
    0x200002d4   0x00000060   Zero   RW         3783    .bss                c_w.l(libspace.o)
    0x20000334   0x00000004   PAD
    0x20000338   0x00000200   Zero   RW            2    HEAP                startup_stm32f103xb.o
    0x20000538   0x00000400   Zero   RW            1    STACK               startup_stm32f103xb.o


==============================================================================

Image component sizes


      Code (inc. data)   RO Data    RW Data    ZI Data      Debug   Object Name

      1396          0          0          0          0     456411   humd.o
       336         22          0          0          0       4107   lcd_i2c.o
      2324        306          0         56        652      11797   main.o
       156          0          0          0          0       3288   queue.o
        64         26        236          0       1536        804   startup_stm32f103xb.o
       164         28          0         12          0       5837   stm32f1xx_hal.o
      1178         44          0          0          0       6747   stm32f1xx_hal_adc.o
         2          0          0          0          0       1041   stm32f1xx_hal_adc_ex.o
       198         14          0          0          0      28887   stm32f1xx_hal_cortex.o
       222          4          0          0          0       1747   stm32f1xx_hal_dma.o
       514         40          0          0          0       3455   stm32f1xx_hal_gpio.o
      1398         32          0          0          0       9037   stm32f1xx_hal_i2c.o
       516         62          0          0          0       3608   stm32f1xx_hal_msp.o
      1240         84         18          0          0       5068   stm32f1xx_hal_rcc.o
       236         12          0          0          0       1364   stm32f1xx_hal_rcc_ex.o
      1058         40          0          0          0      10286   stm32f1xx_hal_tim.o
       108         12          0          0          0       2369   stm32f1xx_hal_tim_ex.o
      1554         10          0          0          0      10784   stm32f1xx_hal_uart.o
        76         24          0          0          0       5925   stm32f1xx_it.o
         2          0         24          4          0       1095   system_stm32f1xx.o
        52         16          0          0          0        527   temp.o

    ----------------------------------------------------------------------
     12822        776        312         72       2188     574184   Object Totals
         0          0         32          0          0          0   (incl. Generated)
        28          0          2          0          0          0   (incl. Padding)

    ----------------------------------------------------------------------

      Code (inc. data)   RO Data    RW Data    ZI Data      Debug   Library Member Name

         8          0          0          0          0         68   __main.o
       352          0          0          0          0         88   __printf_ss_wp.o
        14          0          0          0          0         68   __printf_wp.o
         0          0          0          0          0          0   __rtentry.o
        12          0          0          0          0          0   __rtentry2.o
         6          0          0          0          0          0   __rtentry4.o
        52          8          0          0          0          0   __scatter.o
        26          0          0          0          0          0   __scatter_copy.o
        28          0          0          0          0          0   __scatter_zi.o
        28          0          0          0          0         68   _chval.o
        48          6          0          0          0         96   _printf_char_common.o
         6          0          0          0          0          0   _printf_d.o
       120         16          0          0          0         92   _printf_dec.o
         6          0          0          0          0          0   _printf_f.o
      1050          0          0          0          0        216   _printf_fp_dec.o
       128         16          0          0          0         84   _printf_fp_infnan.o
       178          0          0          0          0         88   _printf_intcommon.o
        78          0          0          0          0        108   _printf_pad.o
         0          0          0          0          0          0   _printf_percent.o
         4          0          0          0          0          0   _printf_percent_end.o
        10          0          0          0          0         68   _sputc.o
       158          0          0          0          0         92   _strtoul.o
        26          0          0          0          0         80   atoi.o
       220          4        148          0          0         96   bigflt0.o
      1910        128          0          0          0        672   btod.o
        18          0          0          0          0         80   exit.o
         6          0          0          0          0        152   heapauxi.o
         0          0          0          0          0          0   indicate_semi.o
        44         10        272          0          0         76   lc_ctype_c.o
        44         10         28          0          0         76   lc_numeric_c.o
         2          0          0          0          0          0   libinit.o
        30          0          0          0          0          0   libinit2.o
         2          0          0          0          0          0   libshutdown.o
         2          0          0          0          0          0   libshutdown2.o
         8          4          0          0         96         68   libspace.o
       138          0          0          0          0         80   lludiv10.o
        40          6          0          0          0         84   noretval__2sprintf.o
        16          4          0          0          0         76   rt_ctype_table.o
         8          4          0          0          0         68   rt_errno_addr_intlibspace.o
         8          4          0          0          0         68   rt_locale_intlibspace.o
        78          0          0          0          0         80   rt_memclr_w.o
         2          0          0          0          0          0   rtexit.o
        10          0          0          0          0          0   rtexit2.o
       128          0          0          0          0         68   strcmpv7m.o
        72          0          0          0          0         80   strcpy.o
        62          0          0          0          0         76   strlen.o
       112          0          0          0          0         88   strtol.o
        12          4          0          0          0         68   sys_exit.o
        74          0          0          0          0         80   sys_stackheap_outer.o
         2          0          0          0          0         68   use_no_semi.o
        24          0          0          0          0         68   dcmpi.o
       688        140          0          0          0        208   ddiv.o
       120          4          0          0          0         92   deqf.o
        90          4          0          0          0         92   dfixu.o
        38          0          0          0          0         68   dflt_clz.o
       340         12          0          0          0        104   dmul.o
       156          4          0          0          0         92   dnaninf.o
        12          0          0          0          0         68   dretinf.o
         4          0          0          0          0         68   printf1.o
         0          0          0          0          0          0   usenofp.o
        40          0          0          0          0         68   fpclassify.o

    ----------------------------------------------------------------------
      6914        388        448          0        100       4348   Library Totals
        16          0          0          0          4          0   (incl. Padding)

    ----------------------------------------------------------------------

      Code (inc. data)   RO Data    RW Data    ZI Data      Debug   Library Name

      5386        224        448          0         96       3420   c_w.l
      1472        164          0          0          0        860   fz_ws.l
        40          0          0          0          0         68   m_ws.l

    ----------------------------------------------------------------------
      6914        388        448          0        100       4348   Library Totals

    ----------------------------------------------------------------------

==============================================================================


      Code (inc. data)   RO Data    RW Data    ZI Data      Debug   

     19736       1164        760         72       2288     570364   Grand Totals
     19736       1164        760         72       2288     570364   ELF Image Totals
     19736       1164        760         72          0          0   ROM Totals

==============================================================================

    Total RO  Size (Code + RO Data)                20496 (  20.02kB)
    Total RW  Size (RW Data + ZI Data)              2360 (   2.30kB)
    Total ROM Size (Code + RO Data + RW Data)      20568 (  20.09kB)

==============================================================================

